[debug] [2026-03-30T12:57:37.388Z] ----------------------------------------------------------------------
[debug] [2026-03-30T12:57:37.390Z] Command:       C:\Program Files\nodejs\node.exe C:\Users\kumar\AppData\Roaming\npm\node_modules\firebase-tools\lib\bin\firebase.js deploy --only functions
[debug] [2026-03-30T12:57:37.391Z] CLI Version:   15.12.0
[debug] [2026-03-30T12:57:37.391Z] Platform:      win32
[debug] [2026-03-30T12:57:37.391Z] Node Version:  v22.18.0
[debug] [2026-03-30T12:57:37.391Z] Time:          Mon Mar 30 2026 18:27:37 GMT+0530 (India Standard Time)
[debug] [2026-03-30T12:57:37.391Z] ----------------------------------------------------------------------
[debug] 
[debug] [2026-03-30T12:57:39.218Z] > command requires scopes: ["email","openid","https://www.googleapis.com/auth/cloudplatformprojects.readonly","https://www.googleapis.com/auth/firebase","https://www.googleapis.com/auth/cloud-platform"]
[debug] [2026-03-30T12:57:39.218Z] > authorizing via signed-in user (kumarskartik2@gmail.com)
[debug] [2026-03-30T12:57:39.218Z] [iam] checking project ai-study-assistance-7619c for permissions ["cloudfunctions.functions.create","cloudfunctions.functions.delete","cloudfunctions.functions.get","cloudfunctions.functions.list","cloudfunctions.functions.update","cloudfunctions.operations.get","firebase.projects.get"]
[debug] [2026-03-30T12:57:39.219Z] Checked if tokens are valid: true, expires at: 1774878673211
[debug] [2026-03-30T12:57:39.220Z] Checked if tokens are valid: true, expires at: 1774878673211
[debug] [2026-03-30T12:57:39.220Z] >>> [apiv2][query] POST https://cloudresourcemanager.googleapis.com/v1/projects/ai-study-assistance-7619c:testIamPermissions [none]
[debug] [2026-03-30T12:57:39.220Z] >>> [apiv2][(partial)header] POST https://cloudresourcemanager.googleapis.com/v1/projects/ai-study-assistance-7619c:testIamPermissions  x-goog-user-project=ai-study-assistance-7619c
[debug] [2026-03-30T12:57:39.221Z] >>> [apiv2][body] POST https://cloudresourcemanager.googleapis.com/v1/projects/ai-study-assistance-7619c:testIamPermissions {"permissions":["cloudfunctions.functions.create","cloudfunctions.functions.delete","cloudfunctions.functions.get","cloudfunctions.functions.list","cloudfunctions.functions.update","cloudfunctions.operations.get","firebase.projects.get"]}
[debug] [2026-03-30T12:57:40.839Z] <<< [apiv2][status] POST https://cloudresourcemanager.googleapis.com/v1/projects/ai-study-assistance-7619c:testIamPermissions 200
[debug] [2026-03-30T12:57:40.840Z] <<< [apiv2][body] POST https://cloudresourcemanager.googleapis.com/v1/projects/ai-study-assistance-7619c:testIamPermissions {"permissions":["cloudfunctions.functions.create","cloudfunctions.functions.delete","cloudfunctions.functions.get","cloudfunctions.functions.list","cloudfunctions.functions.update","cloudfunctions.operations.get","firebase.projects.get"]}
[debug] [2026-03-30T12:57:40.840Z] Checked if tokens are valid: true, expires at: 1774878673211
[debug] [2026-03-30T12:57:40.840Z] Checked if tokens are valid: true, expires at: 1774878673211
[debug] [2026-03-30T12:57:40.840Z] >>> [apiv2][query] POST https://iam.googleapis.com/v1/projects/ai-study-assistance-7619c/serviceAccounts/ai-study-assistance-7619c@appspot.gserviceaccount.com:testIamPermissions [none]
[debug] [2026-03-30T12:57:40.840Z] >>> [apiv2][body] POST https://iam.googleapis.com/v1/projects/ai-study-assistance-7619c/serviceAccounts/ai-study-assistance-7619c@appspot.gserviceaccount.com:testIamPermissions {"permissions":["iam.serviceAccounts.actAs"]}
[debug] [2026-03-30T12:57:42.590Z] <<< [apiv2][status] POST https://iam.googleapis.com/v1/projects/ai-study-assistance-7619c/serviceAccounts/ai-study-assistance-7619c@appspot.gserviceaccount.com:testIamPermissions 200
[debug] [2026-03-30T12:57:42.590Z] <<< [apiv2][body] POST https://iam.googleapis.com/v1/projects/ai-study-assistance-7619c/serviceAccounts/ai-study-assistance-7619c@appspot.gserviceaccount.com:testIamPermissions {"permissions":["iam.serviceAccounts.actAs"]}
[info] 
[info] === Deploying to 'ai-study-assistance-7619c'...
[info] 
[info] i  deploying functions 
[info] Running command: npm --prefix "$RESOURCE_DIR" run lint
[info] +  functions: Finished running predeploy script. 
[debug] [2026-03-30T12:57:43.038Z] Checked if tokens are valid: true, expires at: 1774878673211
[debug] [2026-03-30T12:57:43.038Z] Checked if tokens are valid: true, expires at: 1774878673211
[debug] [2026-03-30T12:57:43.038Z] >>> [apiv2][query] GET https://cloudresourcemanager.googleapis.com/v1/projects/ai-study-assistance-7619c [none]
[debug] [2026-03-30T12:57:43.368Z] <<< [apiv2][status] GET https://cloudresourcemanager.googleapis.com/v1/projects/ai-study-assistance-7619c 200
[debug] [2026-03-30T12:57:43.368Z] <<< [apiv2][body] GET https://cloudresourcemanager.googleapis.com/v1/projects/ai-study-assistance-7619c {"projectNumber":"504269455991","projectId":"ai-study-assistance-7619c","lifecycleState":"ACTIVE","name":"AI Study Assistant","labels":{"firebase":"enabled","firebase-core":"disabled"},"createTime":"2026-02-24T02:27:21.212140Z"}
[info] i  functions: preparing codebase default for deployment 
[info] i  functions: ensuring required API cloudfunctions.googleapis.com is enabled... 
[info] i  functions: ensuring required API cloudbuild.googleapis.com is enabled... 
[info] i  artifactregistry: ensuring required API artifactregistry.googleapis.com is enabled... 
[debug] [2026-03-30T12:57:43.371Z] Checked if tokens are valid: true, expires at: 1774878673211
[debug] [2026-03-30T12:57:43.371Z] Checked if tokens are valid: true, expires at: 1774878673211
[debug] [2026-03-30T12:57:43.371Z] >>> [apiv2][query] GET https://firebase.googleapis.com/v1beta1/projects/ai-study-assistance-7619c/adminSdkConfig [none]
[debug] [2026-03-30T12:57:44.299Z] <<< [apiv2][status] GET https://firebase.googleapis.com/v1beta1/projects/ai-study-assistance-7619c/adminSdkConfig 200
[debug] [2026-03-30T12:57:44.299Z] <<< [apiv2][body] GET https://firebase.googleapis.com/v1beta1/projects/ai-study-assistance-7619c/adminSdkConfig {"projectId":"ai-study-assistance-7619c","databaseURL":"https://ai-study-assistance-7619c-default-rtdb.firebaseio.com","storageBucket":"ai-study-assistance-7619c.firebasestorage.app"}
[debug] [2026-03-30T12:57:44.300Z] Validating nodejs source
[debug] [2026-03-30T12:57:45.127Z] > [functions] package.json contents: {
  "name": "functions",
  "description": "Cloud Functions for Firebase",
  "scripts": {
    "lint": "echo skip lint",
    "serve": "firebase emulators:start --only functions",
    "shell": "firebase functions:shell",
    "start": "npm run shell",
    "deploy": "firebase deploy --only functions",
    "logs": "firebase functions:log"
  },
  "engines": {
    "node": "24"
  },
  "main": "index.js",
  "dependencies": {
    "dotenv": "^17.3.1",
    "firebase-admin": "^13.6.0",
    "firebase-functions": "^7.0.0"
  },
  "devDependencies": {
    "eslint": "^8.15.0",
    "eslint-config-google": "^0.14.0",
    "firebase-functions-test": "^3.4.1"
  },
  "private": true
}
[debug] [2026-03-30T12:57:45.127Z] Building nodejs source
[info] i  functions: Loading and analyzing source code for codebase default to determine what to deploy 
[debug] [2026-03-30T12:57:45.128Z] Could not find functions.yaml. Must use http discovery
[debug] [2026-03-30T12:57:45.138Z] Found firebase-functions binary at 'D:\Android Studio\AIStudyAssistance\functions\node_modules\.bin\firebase-functions'
[info] Serving at port 8489

[info] [dotenv@17.3.1] injecting env (0) from .env -- tip: 🔐 encrypt with Dotenvx: https://dotenvx.com

[debug] [2026-03-30T12:57:45.747Z] Got response from /__/functions.yaml {"endpoints":{"askGemini":{"availableMemoryMb":null,"timeoutSeconds":null,"minInstances":null,"maxInstances":null,"ingressSettings":null,"concurrency":null,"serviceAccountEmail":null,"vpc":null,"platform":"gcfv2","labels":{},"httpsTrigger":{},"entryPoint":"askGemini"}},"specVersion":"v1alpha1","requiredAPIs":[],"extensions":{}}
[info] i  extensions: ensuring required API firebaseextensions.googleapis.com is enabled... 
[debug] [2026-03-30T12:57:49.790Z] > command requires scopes: ["email","openid","https://www.googleapis.com/auth/cloudplatformprojects.readonly","https://www.googleapis.com/auth/firebase","https://www.googleapis.com/auth/cloud-platform"]
[debug] [2026-03-30T12:57:49.790Z] > authorizing via signed-in user (kumarskartik2@gmail.com)
[debug] [2026-03-30T12:57:49.790Z] [iam] checking project ai-study-assistance-7619c for permissions ["firebase.projects.get","firebaseextensions.instances.list"]
[debug] [2026-03-30T12:57:49.790Z] Checked if tokens are valid: true, expires at: 1774878673211
[debug] [2026-03-30T12:57:49.790Z] Checked if tokens are valid: true, expires at: 1774878673211
[debug] [2026-03-30T12:57:49.790Z] >>> [apiv2][query] POST https://cloudresourcemanager.googleapis.com/v1/projects/ai-study-assistance-7619c:testIamPermissions [none]
[debug] [2026-03-30T12:57:49.790Z] >>> [apiv2][(partial)header] POST https://cloudresourcemanager.googleapis.com/v1/projects/ai-study-assistance-7619c:testIamPermissions  x-goog-user-project=ai-study-assistance-7619c
[debug] [2026-03-30T12:57:49.790Z] >>> [apiv2][body] POST https://cloudresourcemanager.googleapis.com/v1/projects/ai-study-assistance-7619c:testIamPermissions {"permissions":["firebase.projects.get","firebaseextensions.instances.list"]}
[debug] [2026-03-30T12:57:51.336Z] <<< [apiv2][status] POST https://cloudresourcemanager.googleapis.com/v1/projects/ai-study-assistance-7619c:testIamPermissions 200
[debug] [2026-03-30T12:57:51.336Z] <<< [apiv2][body] POST https://cloudresourcemanager.googleapis.com/v1/projects/ai-study-assistance-7619c:testIamPermissions {"permissions":["firebase.projects.get","firebaseextensions.instances.list"]}
[debug] [2026-03-30T12:57:51.337Z] Checked if tokens are valid: true, expires at: 1774878673211
[debug] [2026-03-30T12:57:51.337Z] Checked if tokens are valid: true, expires at: 1774878673211
[debug] [2026-03-30T12:57:51.337Z] >>> [apiv2][query] GET https://firebaseextensions.googleapis.com/v1beta/projects/ai-study-assistance-7619c/instances pageSize=100&pageToken=
[debug] [2026-03-30T12:57:53.128Z] <<< [apiv2][status] GET https://firebaseextensions.googleapis.com/v1beta/projects/ai-study-assistance-7619c/instances 200
[debug] [2026-03-30T12:57:53.128Z] <<< [apiv2][body] GET https://firebaseextensions.googleapis.com/v1beta/projects/ai-study-assistance-7619c/instances {}
[error] Error: Failed to load environment variables from .env.:
[error] - Error EISDIR: illegal operation on a directory, read
[debug] [2026-03-30T13:00:14.715Z] ----------------------------------------------------------------------
[debug] [2026-03-30T13:00:14.718Z] Command:       C:\Program Files\nodejs\node.exe C:\Users\kumar\AppData\Roaming\npm\node_modules\firebase-tools\lib\bin\firebase.js deploy --only functions
[debug] [2026-03-30T13:00:14.718Z] CLI Version:   15.12.0
[debug] [2026-03-30T13:00:14.718Z] Platform:      win32
[debug] [2026-03-30T13:00:14.718Z] Node Version:  v22.18.0
[debug] [2026-03-30T13:00:14.719Z] Time:          Mon Mar 30 2026 18:30:14 GMT+0530 (India Standard Time)
[debug] [2026-03-30T13:00:14.719Z] ----------------------------------------------------------------------
[debug] 
[debug] [2026-03-30T13:00:16.306Z] > command requires scopes: ["email","openid","https://www.googleapis.com/auth/cloudplatformprojects.readonly","https://www.googleapis.com/auth/firebase","https://www.googleapis.com/auth/cloud-platform"]
[debug] [2026-03-30T13:00:16.307Z] > authorizing via signed-in user (kumarskartik2@gmail.com)
[debug] [2026-03-30T13:00:16.307Z] [iam] checking project ai-study-assistance-7619c for permissions ["cloudfunctions.functions.create","cloudfunctions.functions.delete","cloudfunctions.functions.get","cloudfunctions.functions.list","cloudfunctions.functions.update","cloudfunctions.operations.get","firebase.projects.get"]
[debug] [2026-03-30T13:00:16.308Z] Checked if tokens are valid: true, expires at: 1774878673211
[debug] [2026-03-30T13:00:16.308Z] Checked if tokens are valid: true, expires at: 1774878673211
[debug] [2026-03-30T13:00:16.309Z] >>> [apiv2][query] POST https://cloudresourcemanager.googleapis.com/v1/projects/ai-study-assistance-7619c:testIamPermissions [none]
[debug] [2026-03-30T13:00:16.309Z] >>> [apiv2][(partial)header] POST https://cloudresourcemanager.googleapis.com/v1/projects/ai-study-assistance-7619c:testIamPermissions  x-goog-user-project=ai-study-assistance-7619c
[debug] [2026-03-30T13:00:16.309Z] >>> [apiv2][body] POST https://cloudresourcemanager.googleapis.com/v1/projects/ai-study-assistance-7619c:testIamPermissions {"permissions":["cloudfunctions.functions.create","cloudfunctions.functions.delete","cloudfunctions.functions.get","cloudfunctions.functions.list","cloudfunctions.functions.update","cloudfunctions.operations.get","firebase.projects.get"]}
[debug] [2026-03-30T13:00:17.869Z] <<< [apiv2][status] POST https://cloudresourcemanager.googleapis.com/v1/projects/ai-study-assistance-7619c:testIamPermissions 200
[debug] [2026-03-30T13:00:17.869Z] <<< [apiv2][body] POST https://cloudresourcemanager.googleapis.com/v1/projects/ai-study-assistance-7619c:testIamPermissions {"permissions":["cloudfunctions.functions.create","cloudfunctions.functions.delete","cloudfunctions.functions.get","cloudfunctions.functions.list","cloudfunctions.functions.update","cloudfunctions.operations.get","firebase.projects.get"]}
[debug] [2026-03-30T13:00:17.870Z] Checked if tokens are valid: true, expires at: 1774878673211
[debug] [2026-03-30T13:00:17.870Z] Checked if tokens are valid: true, expires at: 1774878673211
[debug] [2026-03-30T13:00:17.870Z] >>> [apiv2][query] POST https://iam.googleapis.com/v1/projects/ai-study-assistance-7619c/serviceAccounts/ai-study-assistance-7619c@appspot.gserviceaccount.com:testIamPermissions [none]
[debug] [2026-03-30T13:00:17.870Z] >>> [apiv2][body] POST https://iam.googleapis.com/v1/projects/ai-study-assistance-7619c/serviceAccounts/ai-study-assistance-7619c@appspot.gserviceaccount.com:testIamPermissions {"permissions":["iam.serviceAccounts.actAs"]}
[debug] [2026-03-30T13:00:20.198Z] <<< [apiv2][status] POST https://iam.googleapis.com/v1/projects/ai-study-assistance-7619c/serviceAccounts/ai-study-assistance-7619c@appspot.gserviceaccount.com:testIamPermissions 200
[debug] [2026-03-30T13:00:20.198Z] <<< [apiv2][body] POST https://iam.googleapis.com/v1/projects/ai-study-assistance-7619c/serviceAccounts/ai-study-assistance-7619c@appspot.gserviceaccount.com:testIamPermissions {"permissions":["iam.serviceAccounts.actAs"]}
[info] 
[info] === Deploying to 'ai-study-assistance-7619c'...
[info] 
[info] i  deploying functions 
[info] Running command: npm --prefix "$RESOURCE_DIR" run lint
[info] +  functions: Finished running predeploy script. 
[debug] [2026-03-30T13:00:20.621Z] Checked if tokens are valid: true, expires at: 1774878673211
[debug] [2026-03-30T13:00:20.621Z] Checked if tokens are valid: true, expires at: 1774878673211
[debug] [2026-03-30T13:00:20.621Z] >>> [apiv2][query] GET https://cloudresourcemanager.googleapis.com/v1/projects/ai-study-assistance-7619c [none]
[debug] [2026-03-30T13:00:20.962Z] <<< [apiv2][status] GET https://cloudresourcemanager.googleapis.com/v1/projects/ai-study-assistance-7619c 200
[debug] [2026-03-30T13:00:20.963Z] <<< [apiv2][body] GET https://cloudresourcemanager.googleapis.com/v1/projects/ai-study-assistance-7619c {"projectNumber":"504269455991","projectId":"ai-study-assistance-7619c","lifecycleState":"ACTIVE","name":"AI Study Assistant","labels":{"firebase":"enabled","firebase-core":"disabled"},"createTime":"2026-02-24T02:27:21.212140Z"}
[info] i  functions: preparing codebase default for deployment 
[info] i  functions: ensuring required API cloudfunctions.googleapis.com is enabled... 
[info] i  functions: ensuring required API cloudbuild.googleapis.com is enabled... 
[info] i  artifactregistry: ensuring required API artifactregistry.googleapis.com is enabled... 
[debug] [2026-03-30T13:00:20.965Z] Checked if tokens are valid: true, expires at: 1774878673211
[debug] [2026-03-30T13:00:20.965Z] Checked if tokens are valid: true, expires at: 1774878673211
[debug] [2026-03-30T13:00:20.966Z] >>> [apiv2][query] GET https://firebase.googleapis.com/v1beta1/projects/ai-study-assistance-7619c/adminSdkConfig [none]
[debug] [2026-03-30T13:00:22.530Z] <<< [apiv2][status] GET https://firebase.googleapis.com/v1beta1/projects/ai-study-assistance-7619c/adminSdkConfig 200
[debug] [2026-03-30T13:00:22.530Z] <<< [apiv2][body] GET https://firebase.googleapis.com/v1beta1/projects/ai-study-assistance-7619c/adminSdkConfig {"projectId":"ai-study-assistance-7619c","databaseURL":"https://ai-study-assistance-7619c-default-rtdb.firebaseio.com","storageBucket":"ai-study-assistance-7619c.firebasestorage.app"}
[debug] [2026-03-30T13:00:22.531Z] Validating nodejs source
[debug] [2026-03-30T13:00:23.432Z] > [functions] package.json contents: {
  "name": "functions",
  "description": "Cloud Functions for Firebase",
  "scripts": {
    "lint": "echo skip lint",
    "serve": "firebase emulators:start --only functions",
    "shell": "firebase functions:shell",
    "start": "npm run shell",
    "deploy": "firebase deploy --only functions",
    "logs": "firebase functions:log"
  },
  "engines": {
    "node": "24"
  },
  "main": "index.js",
  "dependencies": {
    "dotenv": "^17.3.1",
    "firebase-admin": "^13.6.0",
    "firebase-functions": "^7.0.0"
  },
  "devDependencies": {
    "eslint": "^8.15.0",
    "eslint-config-google": "^0.14.0",
    "firebase-functions-test": "^3.4.1"
  },
  "private": true
}
[debug] [2026-03-30T13:00:23.433Z] Building nodejs source
[info] i  functions: Loading and analyzing source code for codebase default to determine what to deploy 
[debug] [2026-03-30T13:00:23.434Z] Could not find functions.yaml. Must use http discovery
[debug] [2026-03-30T13:00:23.444Z] Found firebase-functions binary at 'D:\Android Studio\AIStudyAssistance\functions\node_modules\.bin\firebase-functions'
[info] Serving at port 8070

[info] [dotenv@17.3.1] injecting env (1) from .env -- tip: 🛡️ auth for agents: https://vestauth.com

[debug] [2026-03-30T13:00:24.040Z] Got response from /__/functions.yaml {"endpoints":{"askGemini":{"availableMemoryMb":null,"timeoutSeconds":null,"minInstances":null,"maxInstances":null,"ingressSettings":null,"concurrency":null,"serviceAccountEmail":null,"vpc":null,"platform":"gcfv2","labels":{},"httpsTrigger":{},"entryPoint":"askGemini"}},"specVersion":"v1alpha1","requiredAPIs":[],"extensions":{}}
[info] i  extensions: ensuring required API firebaseextensions.googleapis.com is enabled... 
[debug] [2026-03-30T13:00:28.076Z] > command requires scopes: ["email","openid","https://www.googleapis.com/auth/cloudplatformprojects.readonly","https://www.googleapis.com/auth/firebase","https://www.googleapis.com/auth/cloud-platform"]
[debug] [2026-03-30T13:00:28.076Z] > authorizing via signed-in user (kumarskartik2@gmail.com)
[debug] [2026-03-30T13:00:28.076Z] [iam] checking project ai-study-assistance-7619c for permissions ["firebase.projects.get","firebaseextensions.instances.list"]
[debug] [2026-03-30T13:00:28.077Z] Checked if tokens are valid: true, expires at: 1774878673211
[debug] [2026-03-30T13:00:28.077Z] Checked if tokens are valid: true, expires at: 1774878673211
[debug] [2026-03-30T13:00:28.077Z] >>> [apiv2][query] POST https://cloudresourcemanager.googleapis.com/v1/projects/ai-study-assistance-7619c:testIamPermissions [none]
[debug] [2026-03-30T13:00:28.077Z] >>> [apiv2][(partial)header] POST https://cloudresourcemanager.googleapis.com/v1/projects/ai-study-assistance-7619c:testIamPermissions  x-goog-user-project=ai-study-assistance-7619c
[debug] [2026-03-30T13:00:28.077Z] >>> [apiv2][body] POST https://cloudresourcemanager.googleapis.com/v1/projects/ai-study-assistance-7619c:testIamPermissions {"permissions":["firebase.projects.get","firebaseextensions.instances.list"]}
[debug] [2026-03-30T13:00:29.596Z] <<< [apiv2][status] POST https://cloudresourcemanager.googleapis.com/v1/projects/ai-study-assistance-7619c:testIamPermissions 200
[debug] [2026-03-30T13:00:29.596Z] <<< [apiv2][body] POST https://cloudresourcemanager.googleapis.com/v1/projects/ai-study-assistance-7619c:testIamPermissions {"permissions":["firebase.projects.get","firebaseextensions.instances.list"]}
[debug] [2026-03-30T13:00:29.596Z] Checked if tokens are valid: true, expires at: 1774878673211
[debug] [2026-03-30T13:00:29.597Z] Checked if tokens are valid: true, expires at: 1774878673211
[debug] [2026-03-30T13:00:29.597Z] >>> [apiv2][query] GET https://firebaseextensions.googleapis.com/v1beta/projects/ai-study-assistance-7619c/instances pageSize=100&pageToken=
[debug] [2026-03-30T13:00:31.356Z] <<< [apiv2][status] GET https://firebaseextensions.googleapis.com/v1beta/projects/ai-study-assistance-7619c/instances 200
[debug] [2026-03-30T13:00:31.356Z] <<< [apiv2][body] GET https://firebaseextensions.googleapis.com/v1beta/projects/ai-study-assistance-7619c/instances {}
[info] i  functions: Loaded environment variables from .env. 
[info] i  functions: preparing functions directory for uploading... 
[info] i  functions: packaged D:\Android Studio\AIStudyAssistance\functions (76.5 KB) for uploading 
[debug] [2026-03-30T13:00:31.402Z] Checked if tokens are valid: true, expires at: 1774878673211
[debug] [2026-03-30T13:00:31.402Z] Checked if tokens are valid: true, expires at: 1774878673211
[debug] [2026-03-30T13:00:31.402Z] >>> [apiv2][query] GET https://cloudfunctions.googleapis.com/v1/projects/ai-study-assistance-7619c/locations/-/functions [none]
[debug] [2026-03-30T13:00:32.332Z] <<< [apiv2][status] GET https://cloudfunctions.googleapis.com/v1/projects/ai-study-assistance-7619c/locations/-/functions 200
[debug] [2026-03-30T13:00:32.332Z] <<< [apiv2][body] GET https://cloudfunctions.googleapis.com/v1/projects/ai-study-assistance-7619c/locations/-/functions {}
[debug] [2026-03-30T13:00:32.332Z] Checked if tokens are valid: true, expires at: 1774878673211
[debug] [2026-03-30T13:00:32.332Z] Checked if tokens are valid: true, expires at: 1774878673211
[debug] [2026-03-30T13:00:32.332Z] >>> [apiv2][query] GET https://cloudfunctions.googleapis.com/v2/projects/ai-study-assistance-7619c/locations/-/functions filter=environment%3D%22GEN_2%22
[debug] [2026-03-30T13:00:38.103Z] <<< [apiv2][status] GET https://cloudfunctions.googleapis.com/v2/projects/ai-study-assistance-7619c/locations/-/functions 200
[debug] [2026-03-30T13:00:38.103Z] <<< [apiv2][body] GET https://cloudfunctions.googleapis.com/v2/projects/ai-study-assistance-7619c/locations/-/functions {"functions":[{"name":"projects/ai-study-assistance-7619c/locations/us-central1/functions/askGemini","buildConfig":{"build":"projects/504269455991/locations/us-central1/builds/9f76d3a1-82b1-44eb-9f9d-6e9c34a79a6a","runtime":"nodejs24","entryPoint":"askGemini","source":{"storageSource":{"bucket":"gcf-v2-sources-504269455991-us-central1","object":"askGemini/function-source.zip","generation":"1774873302455268"}},"environmentVariables":{"GOOGLE_NODE_RUN_SCRIPTS":""},"dockerRepository":"projects/ai-study-assistance-7619c/locations/us-central1/repositories/gcf-artifacts","sourceProvenance":{"resolvedStorageSource":{"bucket":"gcf-v2-sources-504269455991-us-central1","object":"askGemini/function-source.zip","generation":"1774873302455268"}},"dockerRegistry":"ARTIFACT_REGISTRY","serviceAccount":"projects/ai-study-assistance-7619c/serviceAccounts/504269455991-compute@developer.gserviceaccount.com","automaticUpdatePolicy":{}},"serviceConfig":{"service":"projects/ai-study-assistance-7619c/locations/us-central1/services/askgemini","timeoutSeconds":60,"environmentVariables":{"FIREBASE_CONFIG":"{\"projectId\":\"ai-study-assistance-7619c\",\"databaseURL\":\"https://ai-study-assistance-7619c-default-rtdb.firebaseio.com\",\"storageBucket\":\"ai-study-assistance-7619c.firebasestorage.app\"}","GCLOUD_PROJECT":"ai-study-assistance-7619c","EVENTARC_CLOUD_EVENT_SOURCE":"projects/ai-study-assistance-7619c/locations/us-central1/services/askGemini","FUNCTION_TARGET":"askGemini","LOG_EXECUTION_ID":"true"},"ingressSettings":"ALLOW_ALL","uri":"https://askgemini-drfdtn7rjq-uc.a.run.app","serviceAccountEmail":"504269455991-compute@developer.gserviceaccount.com","availableMemory":"256Mi","allTrafficOnLatestRevision":true,"revision":"askgemini-00001-wuw","maxInstanceRequestConcurrency":80,"availableCpu":"1"},"state":"ACTIVE","updateTime":"2026-03-30T12:22:37.129358536Z","labels":{"firebase-functions-hash":"1c10742abfe27befb57fe04b08100e103740ddef","deployment-tool":"cli-firebase"},"environment":"GEN_2","url":"https://us-central1-ai-study-assistance-7619c.cloudfunctions.net/askGemini","createTime":"2026-03-30T12:07:16.344737055Z","satisfiesPzi":true}]}
[info] i  functions: ensuring required API run.googleapis.com is enabled... 
[info] i  functions: ensuring required API eventarc.googleapis.com is enabled... 
[info] i  functions: ensuring required API pubsub.googleapis.com is enabled... 
[info] i  functions: ensuring required API storage.googleapis.com is enabled... 
[info] i  functions: generating the service identity for pubsub.googleapis.com... 
[debug] [2026-03-30T13:00:38.107Z] Checked if tokens are valid: true, expires at: 1774878673211
[debug] [2026-03-30T13:00:38.107Z] Checked if tokens are valid: true, expires at: 1774878673211
[info] i  functions: generating the service identity for eventarc.googleapis.com... 
[debug] [2026-03-30T13:00:38.107Z] Checked if tokens are valid: true, expires at: 1774878673211
[debug] [2026-03-30T13:00:38.107Z] Checked if tokens are valid: true, expires at: 1774878673211
[debug] [2026-03-30T13:00:38.107Z] >>> [apiv2][query] POST https://serviceusage.googleapis.com/v1beta1/projects/504269455991/services/pubsub.googleapis.com:generateServiceIdentity [none]
[debug] [2026-03-30T13:00:38.107Z] >>> [apiv2][(partial)header] POST https://serviceusage.googleapis.com/v1beta1/projects/504269455991/services/pubsub.googleapis.com:generateServiceIdentity  x-goog-user-project=504269455991
[debug] [2026-03-30T13:00:38.107Z] >>> [apiv2][body] POST https://serviceusage.googleapis.com/v1beta1/projects/504269455991/services/pubsub.googleapis.com:generateServiceIdentity {}
[debug] [2026-03-30T13:00:38.109Z] >>> [apiv2][query] POST https://serviceusage.googleapis.com/v1beta1/projects/504269455991/services/eventarc.googleapis.com:generateServiceIdentity [none]
[debug] [2026-03-30T13:00:38.109Z] >>> [apiv2][(partial)header] POST https://serviceusage.googleapis.com/v1beta1/projects/504269455991/services/eventarc.googleapis.com:generateServiceIdentity  x-goog-user-project=504269455991
[debug] [2026-03-30T13:00:38.109Z] >>> [apiv2][body] POST https://serviceusage.googleapis.com/v1beta1/projects/504269455991/services/eventarc.googleapis.com:generateServiceIdentity {}
[debug] [2026-03-30T13:00:40.231Z] <<< [apiv2][status] POST https://serviceusage.googleapis.com/v1beta1/projects/504269455991/services/eventarc.googleapis.com:generateServiceIdentity 200
[debug] [2026-03-30T13:00:40.231Z] <<< [apiv2][body] POST https://serviceusage.googleapis.com/v1beta1/projects/504269455991/services/eventarc.googleapis.com:generateServiceIdentity {"name":"operations/finished.DONE_OPERATION","done":true,"response":{"@type":"type.googleapis.com/google.api.serviceusage.v1beta1.ServiceIdentity","email":"service-504269455991@gcp-sa-eventarc.iam.gserviceaccount.com","uniqueId":"109040893713327992657"}}
[debug] [2026-03-30T13:00:40.445Z] <<< [apiv2][status] POST https://serviceusage.googleapis.com/v1beta1/projects/504269455991/services/pubsub.googleapis.com:generateServiceIdentity 200
[debug] [2026-03-30T13:00:40.445Z] <<< [apiv2][body] POST https://serviceusage.googleapis.com/v1beta1/projects/504269455991/services/pubsub.googleapis.com:generateServiceIdentity {"name":"operations/finished.DONE_OPERATION","done":true,"response":{"@type":"type.googleapis.com/google.api.serviceusage.v1beta1.ServiceIdentity","email":"service-504269455991@gcp-sa-pubsub.iam.gserviceaccount.com","uniqueId":"114686754266195451488"}}
[debug] [2026-03-30T13:00:40.447Z] Checked if tokens are valid: true, expires at: 1774878673211
[debug] [2026-03-30T13:00:40.447Z] Checked if tokens are valid: true, expires at: 1774878673211
[debug] [2026-03-30T13:00:40.447Z] >>> [apiv2][query] GET https://cloudresourcemanager.googleapis.com/v1/projects/ai-study-assistance-7619c [none]
[debug] [2026-03-30T13:00:43.239Z] <<< [apiv2][status] GET https://cloudresourcemanager.googleapis.com/v1/projects/ai-study-assistance-7619c 200
[debug] [2026-03-30T13:00:43.240Z] <<< [apiv2][body] GET https://cloudresourcemanager.googleapis.com/v1/projects/ai-study-assistance-7619c {"projectNumber":"504269455991","projectId":"ai-study-assistance-7619c","lifecycleState":"ACTIVE","name":"AI Study Assistant","labels":{"firebase":"enabled","firebase-core":"disabled"},"createTime":"2026-02-24T02:27:21.212140Z"}
[debug] [2026-03-30T13:00:43.240Z] Checked if tokens are valid: true, expires at: 1774878673211
[debug] [2026-03-30T13:00:43.240Z] Checked if tokens are valid: true, expires at: 1774878673211
[debug] [2026-03-30T13:00:43.240Z] >>> [apiv2][query] GET https://compute.googleapis.com/compute/v1/projects/504269455991 [none]
[debug] [2026-03-30T13:00:44.057Z] <<< [apiv2][status] GET https://compute.googleapis.com/compute/v1/projects/504269455991 403
[debug] [2026-03-30T13:00:44.057Z] <<< [apiv2][body] GET https://compute.googleapis.com/compute/v1/projects/504269455991 {"error":{"code":403,"message":"Compute Engine API has not been used in project 504269455991 before or it is disabled. Enable it by visiting https://console.developers.google.com/apis/api/compute.googleapis.com/overview?project=504269455991 then retry. If you enabled this API recently, wait a few minutes for the action to propagate to our systems and retry.","errors":[{"message":"Compute Engine API has not been used in project 504269455991 before or it is disabled. Enable it by visiting https://console.developers.google.com/apis/api/compute.googleapis.com/overview?project=504269455991 then retry. If you enabled this API recently, wait a few minutes for the action to propagate to our systems and retry.","domain":"usageLimits","reason":"accessNotConfigured","extendedHelp":"https://console.developers.google.com"}],"status":"PERMISSION_DENIED","details":[{"@type":"type.googleapis.com/google.rpc.ErrorInfo","reason":"SERVICE_DISABLED","domain":"googleapis.com","metadata":{"serviceTitle":"Compute Engine API","consumer":"projects/504269455991","containerInfo":"504269455991","activationUrl":"https://console.developers.google.com/apis/api/compute.googleapis.com/overview?project=504269455991","service":"compute.googleapis.com"}},{"@type":"type.googleapis.com/google.rpc.LocalizedMessage","locale":"en-US","message":"Compute Engine API has not been used in project 504269455991 before or it is disabled. Enable it by visiting https://console.developers.google.com/apis/api/compute.googleapis.com/overview?project=504269455991 then retry. If you enabled this API recently, wait a few minutes for the action to propagate to our systems and retry."},{"@type":"type.googleapis.com/google.rpc.Help","links":[{"description":"Google developers console API activation","url":"https://console.developers.google.com/apis/api/compute.googleapis.com/overview?project=504269455991"}]}]}}
[debug] [2026-03-30T13:00:44.057Z] unable to look up default compute service account. Falling back to 504269455991-compute@developer.gserviceaccount.com. Error: {"name":"FirebaseError","children":[],"context":{"body":{"error":{"code":403,"message":"Compute Engine API has not been used in project 504269455991 before or it is disabled. Enable it by visiting https://console.developers.google.com/apis/api/compute.googleapis.com/overview?project=504269455991 then retry. If you enabled this API recently, wait a few minutes for the action to propagate to our systems and retry.","errors":[{"message":"Compute Engine API has not been used in project 504269455991 before or it is disabled. Enable it by visiting https://console.developers.google.com/apis/api/compute.googleapis.com/overview?project=504269455991 then retry. If you enabled this API recently, wait a few minutes for the action to propagate to our systems and retry.","domain":"usageLimits","reason":"accessNotConfigured","extendedHelp":"https://console.developers.google.com"}],"status":"PERMISSION_DENIED","details":[{"@type":"type.googleapis.com/google.rpc.ErrorInfo","reason":"SERVICE_DISABLED","domain":"googleapis.com","metadata":{"serviceTitle":"Compute Engine API","consumer":"projects/504269455991","containerInfo":"504269455991","activationUrl":"https://console.developers.google.com/apis/api/compute.googleapis.com/overview?project=504269455991","service":"compute.googleapis.com"}},{"@type":"type.googleapis.com/google.rpc.LocalizedMessage","locale":"en-US","message":"Compute Engine API has not been used in project 504269455991 before or it is disabled. Enable it by visiting https://console.developers.google.com/apis/api/compute.googleapis.com/overview?project=504269455991 then retry. If you enabled this API recently, wait a few minutes for the action to propagate to our systems and retry."},{"@type":"type.googleapis.com/google.rpc.Help","links":[{"description":"Google developers console API activation","url":"https://console.developers.google.com/apis/api/compute.googleapis.com/overview?project=504269455991"}]}]}},"response":{"statusCode":403}},"exit":1,"message":"Request to https://compute.googleapis.com/compute/v1/projects/504269455991 had HTTP Error: 403, Compute Engine API has not been used in project 504269455991 before or it is disabled. Enable it by visiting https://console.developers.google.com/apis/api/compute.googleapis.com/overview?project=504269455991 then retry. If you enabled this API recently, wait a few minutes for the action to propagate to our systems and retry.","status":403}
[debug] [2026-03-30T13:00:44.058Z] Checked if tokens are valid: true, expires at: 1774878673211
[debug] [2026-03-30T13:00:44.058Z] Checked if tokens are valid: true, expires at: 1774878673211
[debug] [2026-03-30T13:00:44.058Z] >>> [apiv2][query] GET https://cloudbilling.googleapis.com/v1/projects/ai-study-assistance-7619c/billingInfo [none]
[debug] [2026-03-30T13:00:45.704Z] <<< [apiv2][status] GET https://cloudbilling.googleapis.com/v1/projects/ai-study-assistance-7619c/billingInfo 200
[debug] [2026-03-30T13:00:45.704Z] <<< [apiv2][body] GET https://cloudbilling.googleapis.com/v1/projects/ai-study-assistance-7619c/billingInfo {"name":"projects/ai-study-assistance-7619c/billingInfo","projectId":"ai-study-assistance-7619c","billingAccountName":"billingAccounts/01A4FB-EF1DDC-F95AC9","billingEnabled":true}
[debug] [2026-03-30T13:00:45.706Z] Checked if tokens are valid: true, expires at: 1774878673211
[debug] [2026-03-30T13:00:45.706Z] Checked if tokens are valid: true, expires at: 1774878673211
[debug] [2026-03-30T13:00:45.706Z] >>> [apiv2][query] POST https://cloudfunctions.googleapis.com/v2/projects/ai-study-assistance-7619c/locations/us-central1/functions:generateUploadUrl [none]
[debug] [2026-03-30T13:00:47.547Z] <<< [apiv2][status] POST https://cloudfunctions.googleapis.com/v2/projects/ai-study-assistance-7619c/locations/us-central1/functions:generateUploadUrl 200
[debug] [2026-03-30T13:00:47.547Z] <<< [apiv2][body] POST https://cloudfunctions.googleapis.com/v2/projects/ai-study-assistance-7619c/locations/us-central1/functions:generateUploadUrl {"uploadUrl":"https://storage.googleapis.com/gcf-v2-uploads-504269455991.us-central1.cloudfunctions.appspot.com/7c5f054e-c871-4cab-bca9-ba48ff656507.zip?GoogleAccessId=service-504269455991@gcf-admin-robot.iam.gserviceaccount.com&Expires=1774877449&Signature=eSUVGNkfoJnMnjAGMVtaDNnyOOGiGp4OwtNPhNWMsMsxoQkfPXlxdTqEq27ja1Y6Vf7izWCDOQ4Gd9588uVvG0oIQeHHccUazNkBaHqRxi69u0jxf9bosWseTC6PWoKlizWYweMDbnGCbifKv2URY0poeNW9CoZc1rjsbPVB9MSJucypeEE0tJxxiIIMDW%2FtLsoZBwtpGf88GZB7ElWd56I42HSKIL2%2B8b3e4KFfeJ466pkCTR669IZqzBhlCEC3aAxhz3%2BNSXC2gXxS72vUDW6HAG8LVGJ1pg6yOUbL5pJlxNFIVOHpscHTOc%2FG55%2By6MroyOB3svSxcK%2FDV6MWRg%3D%3D","storageSource":{"bucket":"gcf-v2-uploads-504269455991.us-central1.cloudfunctions.appspot.com","object":"7c5f054e-c871-4cab-bca9-ba48ff656507.zip"}}
[debug] [2026-03-30T13:00:47.548Z] >>> [apiv2][query] PUT https://storage.googleapis.com/gcf-v2-uploads-504269455991.us-central1.cloudfunctions.appspot.com/7c5f054e-c871-4cab-bca9-ba48ff656507.zip GoogleAccessId=service-504269455991%40gcf-admin-robot.iam.gserviceaccount.com&Expires=1774877449&Signature=eSUVGNkfoJnMnjAGMVtaDNnyOOGiGp4OwtNPhNWMsMsxoQkfPXlxdTqEq27ja1Y6Vf7izWCDOQ4Gd9588uVvG0oIQeHHccUazNkBaHqRxi69u0jxf9bosWseTC6PWoKlizWYweMDbnGCbifKv2URY0poeNW9CoZc1rjsbPVB9MSJucypeEE0tJxxiIIMDW%2FtLsoZBwtpGf88GZB7ElWd56I42HSKIL2%2B8b3e4KFfeJ466pkCTR669IZqzBhlCEC3aAxhz3%2BNSXC2gXxS72vUDW6HAG8LVGJ1pg6yOUbL5pJlxNFIVOHpscHTOc%2FG55%2By6MroyOB3svSxcK%2FDV6MWRg%3D%3D
[debug] [2026-03-30T13:00:47.548Z] >>> [apiv2][body] PUT https://storage.googleapis.com/gcf-v2-uploads-504269455991.us-central1.cloudfunctions.appspot.com/7c5f054e-c871-4cab-bca9-ba48ff656507.zip [stream]
[debug] [2026-03-30T13:00:48.772Z] <<< [apiv2][status] PUT https://storage.googleapis.com/gcf-v2-uploads-504269455991.us-central1.cloudfunctions.appspot.com/7c5f054e-c871-4cab-bca9-ba48ff656507.zip 200
[debug] [2026-03-30T13:00:48.772Z] <<< [apiv2][body] PUT https://storage.googleapis.com/gcf-v2-uploads-504269455991.us-central1.cloudfunctions.appspot.com/7c5f054e-c871-4cab-bca9-ba48ff656507.zip [omitted]
[info] +  functions: functions source uploaded successfully 
[info] i  functions: updating Node.js 24 (2nd Gen) function askGemini(us-central1)... 
[debug] [2026-03-30T13:00:48.776Z] Checked if tokens are valid: true, expires at: 1774878673211
[debug] [2026-03-30T13:00:48.776Z] Checked if tokens are valid: true, expires at: 1774878673211
[debug] [2026-03-30T13:00:48.776Z] >>> [apiv2][query] PATCH https://cloudfunctions.googleapis.com/v2/projects/ai-study-assistance-7619c/locations/us-central1/functions/askGemini updateMask=name%2CbuildConfig.runtime%2CbuildConfig.entryPoint%2CbuildConfig.source.storageSource.bucket%2CbuildConfig.source.storageSource.object%2CbuildConfig.environmentVariables%2CbuildConfig.sourceToken%2CserviceConfig.environmentVariables%2CserviceConfig.ingressSettings%2CserviceConfig.timeoutSeconds%2CserviceConfig.serviceAccountEmail%2CserviceConfig.availableMemory%2CserviceConfig.minInstanceCount%2CserviceConfig.maxInstanceCount%2CserviceConfig.maxInstanceRequestConcurrency%2CserviceConfig.availableCpu%2CserviceConfig.vpcConnector%2CserviceConfig.vpcConnectorEgressSettings%2CserviceConfig.directVpcNetworkInterface%2CserviceConfig.directVpcEgress%2Clabels
[debug] [2026-03-30T13:00:48.776Z] >>> [apiv2][body] PATCH https://cloudfunctions.googleapis.com/v2/projects/ai-study-assistance-7619c/locations/us-central1/functions/askGemini {"name":"projects/ai-study-assistance-7619c/locations/us-central1/functions/askGemini","buildConfig":{"runtime":"nodejs24","entryPoint":"askGemini","source":{"storageSource":{"bucket":"gcf-v2-uploads-504269455991.us-central1.cloudfunctions.appspot.com","object":"7c5f054e-c871-4cab-bca9-ba48ff656507.zip"}},"environmentVariables":{"GOOGLE_NODE_RUN_SCRIPTS":""}},"serviceConfig":{"environmentVariables":{"GEMINI_API_KEY":"AIzaSyCM9PX0VTB0kMNf7ZvXtr0WQjBzFjQgN34","FIREBASE_CONFIG":"{\"projectId\":\"ai-study-assistance-7619c\",\"databaseURL\":\"https://ai-study-assistance-7619c-default-rtdb.firebaseio.com\",\"storageBucket\":\"ai-study-assistance-7619c.firebasestorage.app\"}","GCLOUD_PROJECT":"ai-study-assistance-7619c","EVENTARC_CLOUD_EVENT_SOURCE":"projects/ai-study-assistance-7619c/locations/us-central1/services/askGemini","FUNCTION_TARGET":"askGemini","LOG_EXECUTION_ID":"true"},"ingressSettings":null,"timeoutSeconds":null,"serviceAccountEmail":null,"availableMemory":"256Mi","minInstanceCount":null,"maxInstanceCount":null,"maxInstanceRequestConcurrency":80,"availableCpu":"1","vpcConnector":null,"vpcConnectorEgressSettings":null,"directVpcNetworkInterface":null,"directVpcEgress":null},"labels":{"deployment-tool":"cli-firebase","firebase-functions-hash":"40219ff38912486d4c252cc78f59a2bc45f3017c"}}
[debug] [2026-03-30T13:00:51.210Z] <<< [apiv2][status] PATCH https://cloudfunctions.googleapis.com/v2/projects/ai-study-assistance-7619c/locations/us-central1/functions/askGemini 200
[debug] [2026-03-30T13:00:51.210Z] <<< [apiv2][body] PATCH https://cloudfunctions.googleapis.com/v2/projects/ai-study-assistance-7619c/locations/us-central1/functions/askGemini {"name":"projects/ai-study-assistance-7619c/locations/us-central1/operations/operation-1774875652009-64e3d70c22dbc-8d286e87-f4d68761","metadata":{"@type":"type.googleapis.com/google.cloud.functions.v2.OperationMetadata","createTime":"2026-03-30T13:00:53.027340883Z","target":"projects/ai-study-assistance-7619c/locations/us-central1/functions/askGemini","verb":"update","cancelRequested":false,"apiVersion":"v2"},"done":false}
[debug] [2026-03-30T13:00:51.210Z] Checked if tokens are valid: true, expires at: 1774878673211
[debug] [2026-03-30T13:00:51.210Z] Checked if tokens are valid: true, expires at: 1774878673211
[debug] [2026-03-30T13:00:51.210Z] >>> [apiv2][query] GET https://cloudfunctions.googleapis.com/v2/projects/ai-study-assistance-7619c/locations/us-central1/operations/operation-1774875652009-64e3d70c22dbc-8d286e87-f4d68761 [none]
[debug] [2026-03-30T13:00:53.468Z] <<< [apiv2][status] GET https://cloudfunctions.googleapis.com/v2/projects/ai-study-assistance-7619c/locations/us-central1/operations/operation-1774875652009-64e3d70c22dbc-8d286e87-f4d68761 200
[debug] [2026-03-30T13:00:53.469Z] <<< [apiv2][body] GET https://cloudfunctions.googleapis.com/v2/projects/ai-study-assistance-7619c/locations/us-central1/operations/operation-1774875652009-64e3d70c22dbc-8d286e87-f4d68761 {"name":"projects/ai-study-assistance-7619c/locations/us-central1/operations/operation-1774875652009-64e3d70c22dbc-8d286e87-f4d68761","metadata":{"@type":"type.googleapis.com/google.cloud.functions.v2.OperationMetadata","createTime":"2026-03-30T13:00:53.027340883Z","target":"projects/ai-study-assistance-7619c/locations/us-central1/functions/askGemini","verb":"update","cancelRequested":false,"apiVersion":"v2","requestResource":{"@type":"type.googleapis.com/google.cloud.functions.v2.Function","name":"projects/ai-study-assistance-7619c/locations/us-central1/functions/askGemini","buildConfig":{"runtime":"nodejs24","entryPoint":"askGemini","source":{"storageSource":{"bucket":"gcf-v2-sources-504269455991-us-central1","object":"askGemini/function-source.zip","generation":"1774875652971561"}},"environmentVariables":{"GOOGLE_NODE_RUN_SCRIPTS":""},"dockerRepository":"projects/ai-study-assistance-7619c/locations/us-central1/repositories/gcf-artifacts","sourceProvenance":{"resolvedStorageSource":{"bucket":"gcf-v2-sources-504269455991-us-central1","object":"askGemini/function-source.zip","generation":"1774873302455268"}},"dockerRegistry":"ARTIFACT_REGISTRY","serviceAccount":"projects/ai-study-assistance-7619c/serviceAccounts/504269455991-compute@developer.gserviceaccount.com","automaticUpdatePolicy":{}},"serviceConfig":{"service":"projects/ai-study-assistance-7619c/locations/us-central1/services/askgemini","timeoutSeconds":60,"environmentVariables":{"GEMINI_API_KEY":"AIzaSyCM9PX0VTB0kMNf7ZvXtr0WQjBzFjQgN34","FIREBASE_CONFIG":"{\"projectId\":\"ai-study-assistance-7619c\",\"databaseURL\":\"https://ai-study-assistance-7619c-default-rtdb.firebaseio.com\",\"storageBucket\":\"ai-study-assistance-7619c.firebasestorage.app\"}","GCLOUD_PROJECT":"ai-study-assistance-7619c","EVENTARC_CLOUD_EVENT_SOURCE":"projects/ai-study-assistance-7619c/locations/us-central1/services/askGemini","FUNCTION_TARGET":"askGemini","LOG_EXECUTION_ID":"true"},"ingressSettings":"ALLOW_ALL","uri":"https://askgemini-drfdtn7rjq-uc.a.run.app","serviceAccountEmail":"504269455991-compute@developer.gserviceaccount.com","availableMemory":"256Mi","allTrafficOnLatestRevision":true,"revision":"askgemini-00001-wuw","maxInstanceRequestConcurrency":80,"availableCpu":"1"},"state":"ACTIVE","labels":{"deployment-tool":"cloud-console","firebase-functions-hash":"40219ff38912486d4c252cc78f59a2bc45f3017c"},"environment":"GEN_2","url":"https://us-central1-ai-study-assistance-7619c.cloudfunctions.net/askGemini","satisfiesPzi":true},"stages":[{"name":"BUILD","message":"Build in progress","state":"IN_PROGRESS","resource":"projects/504269455991/locations/us-central1/builds/c054e0a2-2718-4157-a223-e3a10e0a9449","resourceUri":"https://console.cloud.google.com/cloud-build/builds;region=us-central1/c054e0a2-2718-4157-a223-e3a10e0a9449?project=504269455991"},{"name":"SERVICE","state":"NOT_STARTED"}],"operationType":"UPDATE_FUNCTION","buildName":"projects/504269455991/locations/us-central1/builds/c054e0a2-2718-4157-a223-e3a10e0a9449"},"done":false}
[debug] [2026-03-30T13:00:53.980Z] [update-default-us-central1-askGemini] Retrying task index 0
[debug] [2026-03-30T13:00:53.981Z] Checked if tokens are valid: true, expires at: 1774878673211
[debug] [2026-03-30T13:00:53.981Z] Checked if tokens are valid: true, expires at: 1774878673211
[debug] [2026-03-30T13:00:53.981Z] >>> [apiv2][query] GET https://cloudfunctions.googleapis.com/v2/projects/ai-study-assistance-7619c/locations/us-central1/operations/operation-1774875652009-64e3d70c22dbc-8d286e87-f4d68761 [none]
[debug] [2026-03-30T13:00:55.356Z] <<< [apiv2][status] GET https://cloudfunctions.googleapis.com/v2/projects/ai-study-assistance-7619c/locations/us-central1/operations/operation-1774875652009-64e3d70c22dbc-8d286e87-f4d68761 200
[debug] [2026-03-30T13:00:55.356Z] <<< [apiv2][body] GET https://cloudfunctions.googleapis.com/v2/projects/ai-study-assistance-7619c/locations/us-central1/operations/operation-1774875652009-64e3d70c22dbc-8d286e87-f4d68761 {"name":"projects/ai-study-assistance-7619c/locations/us-central1/operations/operation-1774875652009-64e3d70c22dbc-8d286e87-f4d68761","metadata":{"@type":"type.googleapis.com/google.cloud.functions.v2.OperationMetadata","createTime":"2026-03-30T13:00:53.027340883Z","target":"projects/ai-study-assistance-7619c/locations/us-central1/functions/askGemini","verb":"update","cancelRequested":false,"apiVersion":"v2","requestResource":{"@type":"type.googleapis.com/google.cloud.functions.v2.Function","name":"projects/ai-study-assistance-7619c/locations/us-central1/functions/askGemini","buildConfig":{"runtime":"nodejs24","entryPoint":"askGemini","source":{"storageSource":{"bucket":"gcf-v2-sources-504269455991-us-central1","object":"askGemini/function-source.zip","generation":"1774875652971561"}},"environmentVariables":{"GOOGLE_NODE_RUN_SCRIPTS":""},"dockerRepository":"projects/ai-study-assistance-7619c/locations/us-central1/repositories/gcf-artifacts","sourceProvenance":{"resolvedStorageSource":{"bucket":"gcf-v2-sources-504269455991-us-central1","object":"askGemini/function-source.zip","generation":"1774873302455268"}},"dockerRegistry":"ARTIFACT_REGISTRY","serviceAccount":"projects/ai-study-assistance-7619c/serviceAccounts/504269455991-compute@developer.gserviceaccount.com","automaticUpdatePolicy":{}},"serviceConfig":{"service":"projects/ai-study-assistance-7619c/locations/us-central1/services/askgemini","timeoutSeconds":60,"environmentVariables":{"GEMINI_API_KEY":"AIzaSyCM9PX0VTB0kMNf7ZvXtr0WQjBzFjQgN34","FIREBASE_CONFIG":"{\"projectId\":\"ai-study-assistance-7619c\",\"databaseURL\":\"https://ai-study-assistance-7619c-default-rtdb.firebaseio.com\",\"storageBucket\":\"ai-study-assistance-7619c.firebasestorage.app\"}","GCLOUD_PROJECT":"ai-study-assistance-7619c","EVENTARC_CLOUD_EVENT_SOURCE":"projects/ai-study-assistance-7619c/locations/us-central1/services/askGemini","FUNCTION_TARGET":"askGemini","LOG_EXECUTION_ID":"true"},"ingressSettings":"ALLOW_ALL","uri":"https://askgemini-drfdtn7rjq-uc.a.run.app","serviceAccountEmail":"504269455991-compute@developer.gserviceaccount.com","availableMemory":"256Mi","allTrafficOnLatestRevision":true,"revision":"askgemini-00001-wuw","maxInstanceRequestConcurrency":80,"availableCpu":"1"},"state":"ACTIVE","labels":{"deployment-tool":"cloud-console","firebase-functions-hash":"40219ff38912486d4c252cc78f59a2bc45f3017c"},"environment":"GEN_2","url":"https://us-central1-ai-study-assistance-7619c.cloudfunctions.net/askGemini","satisfiesPzi":true},"stages":[{"name":"BUILD","message":"Build in progress","state":"IN_PROGRESS","resource":"projects/504269455991/locations/us-central1/builds/c054e0a2-2718-4157-a223-e3a10e0a9449","resourceUri":"https://console.cloud.google.com/cloud-build/builds;region=us-central1/c054e0a2-2718-4157-a223-e3a10e0a9449?project=504269455991"},{"name":"SERVICE","state":"NOT_STARTED"}],"operationType":"UPDATE_FUNCTION","buildName":"projects/504269455991/locations/us-central1/builds/c054e0a2-2718-4157-a223-e3a10e0a9449"},"done":false}
[debug] [2026-03-30T13:00:56.370Z] [update-default-us-central1-askGemini] Retrying task index 0
[debug] [2026-03-30T13:00:56.370Z] Checked if tokens are valid: true, expires at: 1774878673211
[debug] [2026-03-30T13:00:56.370Z] Checked if tokens are valid: true, expires at: 1774878673211
[debug] [2026-03-30T13:00:56.370Z] >>> [apiv2][query] GET https://cloudfunctions.googleapis.com/v2/projects/ai-study-assistance-7619c/locations/us-central1/operations/operation-1774875652009-64e3d70c22dbc-8d286e87-f4d68761 [none]
[debug] [2026-03-30T13:00:57.843Z] <<< [apiv2][status] GET https://cloudfunctions.googleapis.com/v2/projects/ai-study-assistance-7619c/locations/us-central1/operations/operation-1774875652009-64e3d70c22dbc-8d286e87-f4d68761 200
[debug] [2026-03-30T13:00:57.843Z] <<< [apiv2][body] GET https://cloudfunctions.googleapis.com/v2/projects/ai-study-assistance-7619c/locations/us-central1/operations/operation-1774875652009-64e3d70c22dbc-8d286e87-f4d68761 {"name":"projects/ai-study-assistance-7619c/locations/us-central1/operations/operation-1774875652009-64e3d70c22dbc-8d286e87-f4d68761","metadata":{"@type":"type.googleapis.com/google.cloud.functions.v2.OperationMetadata","createTime":"2026-03-30T13:00:53.027340883Z","target":"projects/ai-study-assistance-7619c/locations/us-central1/functions/askGemini","verb":"update","cancelRequested":false,"apiVersion":"v2","requestResource":{"@type":"type.googleapis.com/google.cloud.functions.v2.Function","name":"projects/ai-study-assistance-7619c/locations/us-central1/functions/askGemini","buildConfig":{"runtime":"nodejs24","entryPoint":"askGemini","source":{"storageSource":{"bucket":"gcf-v2-sources-504269455991-us-central1","object":"askGemini/function-source.zip","generation":"1774875652971561"}},"environmentVariables":{"GOOGLE_NODE_RUN_SCRIPTS":""},"dockerRepository":"projects/ai-study-assistance-7619c/locations/us-central1/repositories/gcf-artifacts","sourceProvenance":{"resolvedStorageSource":{"bucket":"gcf-v2-sources-504269455991-us-central1","object":"askGemini/function-source.zip","generation":"1774873302455268"}},"dockerRegistry":"ARTIFACT_REGISTRY","serviceAccount":"projects/ai-study-assistance-7619c/serviceAccounts/504269455991-compute@developer.gserviceaccount.com","automaticUpdatePolicy":{}},"serviceConfig":{"service":"projects/ai-study-assistance-7619c/locations/us-central1/services/askgemini","timeoutSeconds":60,"environmentVariables":{"GEMINI_API_KEY":"AIzaSyCM9PX0VTB0kMNf7ZvXtr0WQjBzFjQgN34","FIREBASE_CONFIG":"{\"projectId\":\"ai-study-assistance-7619c\",\"databaseURL\":\"https://ai-study-assistance-7619c-default-rtdb.firebaseio.com\",\"storageBucket\":\"ai-study-assistance-7619c.firebasestorage.app\"}","GCLOUD_PROJECT":"ai-study-assistance-7619c","EVENTARC_CLOUD_EVENT_SOURCE":"projects/ai-study-assistance-7619c/locations/us-central1/services/askGemini","FUNCTION_TARGET":"askGemini","LOG_EXECUTION_ID":"true"},"ingressSettings":"ALLOW_ALL","uri":"https://askgemini-drfdtn7rjq-uc.a.run.app","serviceAccountEmail":"504269455991-compute@developer.gserviceaccount.com","availableMemory":"256Mi","allTrafficOnLatestRevision":true,"revision":"askgemini-00001-wuw","maxInstanceRequestConcurrency":80,"availableCpu":"1"},"state":"ACTIVE","labels":{"deployment-tool":"cloud-console","firebase-functions-hash":"40219ff38912486d4c252cc78f59a2bc45f3017c"},"environment":"GEN_2","url":"https://us-central1-ai-study-assistance-7619c.cloudfunctions.net/askGemini","satisfiesPzi":true},"stages":[{"name":"BUILD","message":"Build in progress","state":"IN_PROGRESS","resource":"projects/504269455991/locations/us-central1/builds/c054e0a2-2718-4157-a223-e3a10e0a9449","resourceUri":"https://console.cloud.google.com/cloud-build/builds;region=us-central1/c054e0a2-2718-4157-a223-e3a10e0a9449?project=504269455991"},{"name":"SERVICE","state":"NOT_STARTED"}],"operationType":"UPDATE_FUNCTION","buildName":"projects/504269455991/locations/us-central1/builds/c054e0a2-2718-4157-a223-e3a10e0a9449"},"done":false}
[debug] [2026-03-30T13:00:59.852Z] [update-default-us-central1-askGemini] Retrying task index 0
[debug] [2026-03-30T13:00:59.852Z] Checked if tokens are valid: true, expires at: 1774878673211
[debug] [2026-03-30T13:00:59.852Z] Checked if tokens are valid: true, expires at: 1774878673211
[debug] [2026-03-30T13:00:59.852Z] >>> [apiv2][query] GET https://cloudfunctions.googleapis.com/v2/projects/ai-study-assistance-7619c/locations/us-central1/operations/operation-1774875652009-64e3d70c22dbc-8d286e87-f4d68761 [none]
[debug] [2026-03-30T13:01:01.245Z] <<< [apiv2][status] GET https://cloudfunctions.googleapis.com/v2/projects/ai-study-assistance-7619c/locations/us-central1/operations/operation-1774875652009-64e3d70c22dbc-8d286e87-f4d68761 200
[debug] [2026-03-30T13:01:01.246Z] <<< [apiv2][body] GET https://cloudfunctions.googleapis.com/v2/projects/ai-study-assistance-7619c/locations/us-central1/operations/operation-1774875652009-64e3d70c22dbc-8d286e87-f4d68761 {"name":"projects/ai-study-assistance-7619c/locations/us-central1/operations/operation-1774875652009-64e3d70c22dbc-8d286e87-f4d68761","metadata":{"@type":"type.googleapis.com/google.cloud.functions.v2.OperationMetadata","createTime":"2026-03-30T13:00:53.027340883Z","target":"projects/ai-study-assistance-7619c/locations/us-central1/functions/askGemini","verb":"update","cancelRequested":false,"apiVersion":"v2","requestResource":{"@type":"type.googleapis.com/google.cloud.functions.v2.Function","name":"projects/ai-study-assistance-7619c/locations/us-central1/functions/askGemini","buildConfig":{"runtime":"nodejs24","entryPoint":"askGemini","source":{"storageSource":{"bucket":"gcf-v2-sources-504269455991-us-central1","object":"askGemini/function-source.zip","generation":"1774875652971561"}},"environmentVariables":{"GOOGLE_NODE_RUN_SCRIPTS":""},"dockerRepository":"projects/ai-study-assistance-7619c/locations/us-central1/repositories/gcf-artifacts","sourceProvenance":{"resolvedStorageSource":{"bucket":"gcf-v2-sources-504269455991-us-central1","object":"askGemini/function-source.zip","generation":"1774873302455268"}},"dockerRegistry":"ARTIFACT_REGISTRY","serviceAccount":"projects/ai-study-assistance-7619c/serviceAccounts/504269455991-compute@developer.gserviceaccount.com","automaticUpdatePolicy":{}},"serviceConfig":{"service":"projects/ai-study-assistance-7619c/locations/us-central1/services/askgemini","timeoutSeconds":60,"environmentVariables":{"GEMINI_API_KEY":"AIzaSyCM9PX0VTB0kMNf7ZvXtr0WQjBzFjQgN34","FIREBASE_CONFIG":"{\"projectId\":\"ai-study-assistance-7619c\",\"databaseURL\":\"https://ai-study-assistance-7619c-default-rtdb.firebaseio.com\",\"storageBucket\":\"ai-study-assistance-7619c.firebasestorage.app\"}","GCLOUD_PROJECT":"ai-study-assistance-7619c","EVENTARC_CLOUD_EVENT_SOURCE":"projects/ai-study-assistance-7619c/locations/us-central1/services/askGemini","FUNCTION_TARGET":"askGemini","LOG_EXECUTION_ID":"true"},"ingressSettings":"ALLOW_ALL","uri":"https://askgemini-drfdtn7rjq-uc.a.run.app","serviceAccountEmail":"504269455991-compute@developer.gserviceaccount.com","availableMemory":"256Mi","allTrafficOnLatestRevision":true,"revision":"askgemini-00001-wuw","maxInstanceRequestConcurrency":80,"availableCpu":"1"},"state":"ACTIVE","labels":{"deployment-tool":"cloud-console","firebase-functions-hash":"40219ff38912486d4c252cc78f59a2bc45f3017c"},"environment":"GEN_2","url":"https://us-central1-ai-study-assistance-7619c.cloudfunctions.net/askGemini","satisfiesPzi":true},"stages":[{"name":"BUILD","message":"Build in progress","state":"IN_PROGRESS","resource":"projects/504269455991/locations/us-central1/builds/c054e0a2-2718-4157-a223-e3a10e0a9449","resourceUri":"https://console.cloud.google.com/cloud-build/builds;region=us-central1/c054e0a2-2718-4157-a223-e3a10e0a9449?project=504269455991"},{"name":"SERVICE","state":"NOT_STARTED"}],"operationType":"UPDATE_FUNCTION","buildName":"projects/504269455991/locations/us-central1/builds/c054e0a2-2718-4157-a223-e3a10e0a9449"},"done":false}
[debug] [2026-03-30T13:01:05.252Z] [update-default-us-central1-askGemini] Retrying task index 0
[debug] [2026-03-30T13:01:05.253Z] Checked if tokens are valid: true, expires at: 1774878673211
[debug] [2026-03-30T13:01:05.253Z] Checked if tokens are valid: true, expires at: 1774878673211
[debug] [2026-03-30T13:01:05.253Z] >>> [apiv2][query] GET https://cloudfunctions.googleapis.com/v2/projects/ai-study-assistance-7619c/locations/us-central1/operations/operation-1774875652009-64e3d70c22dbc-8d286e87-f4d68761 [none]
[debug] [2026-03-30T13:01:06.589Z] <<< [apiv2][status] GET https://cloudfunctions.googleapis.com/v2/projects/ai-study-assistance-7619c/locations/us-central1/operations/operation-1774875652009-64e3d70c22dbc-8d286e87-f4d68761 200
[debug] [2026-03-30T13:01:06.589Z] <<< [apiv2][body] GET https://cloudfunctions.googleapis.com/v2/projects/ai-study-assistance-7619c/locations/us-central1/operations/operation-1774875652009-64e3d70c22dbc-8d286e87-f4d68761 {"name":"projects/ai-study-assistance-7619c/locations/us-central1/operations/operation-1774875652009-64e3d70c22dbc-8d286e87-f4d68761","metadata":{"@type":"type.googleapis.com/google.cloud.functions.v2.OperationMetadata","createTime":"2026-03-30T13:00:53.027340883Z","target":"projects/ai-study-assistance-7619c/locations/us-central1/functions/askGemini","verb":"update","cancelRequested":false,"apiVersion":"v2","requestResource":{"@type":"type.googleapis.com/google.cloud.functions.v2.Function","name":"projects/ai-study-assistance-7619c/locations/us-central1/functions/askGemini","buildConfig":{"runtime":"nodejs24","entryPoint":"askGemini","source":{"storageSource":{"bucket":"gcf-v2-sources-504269455991-us-central1","object":"askGemini/function-source.zip","generation":"1774875652971561"}},"environmentVariables":{"GOOGLE_NODE_RUN_SCRIPTS":""},"dockerRepository":"projects/ai-study-assistance-7619c/locations/us-central1/repositories/gcf-artifacts","sourceProvenance":{"resolvedStorageSource":{"bucket":"gcf-v2-sources-504269455991-us-central1","object":"askGemini/function-source.zip","generation":"1774873302455268"}},"dockerRegistry":"ARTIFACT_REGISTRY","serviceAccount":"projects/ai-study-assistance-7619c/serviceAccounts/504269455991-compute@developer.gserviceaccount.com","automaticUpdatePolicy":{}},"serviceConfig":{"service":"projects/ai-study-assistance-7619c/locations/us-central1/services/askgemini","timeoutSeconds":60,"environmentVariables":{"GEMINI_API_KEY":"AIzaSyCM9PX0VTB0kMNf7ZvXtr0WQjBzFjQgN34","FIREBASE_CONFIG":"{\"projectId\":\"ai-study-assistance-7619c\",\"databaseURL\":\"https://ai-study-assistance-7619c-default-rtdb.firebaseio.com\",\"storageBucket\":\"ai-study-assistance-7619c.firebasestorage.app\"}","GCLOUD_PROJECT":"ai-study-assistance-7619c","EVENTARC_CLOUD_EVENT_SOURCE":"projects/ai-study-assistance-7619c/locations/us-central1/services/askGemini","FUNCTION_TARGET":"askGemini","LOG_EXECUTION_ID":"true"},"ingressSettings":"ALLOW_ALL","uri":"https://askgemini-drfdtn7rjq-uc.a.run.app","serviceAccountEmail":"504269455991-compute@developer.gserviceaccount.com","availableMemory":"256Mi","allTrafficOnLatestRevision":true,"revision":"askgemini-00001-wuw","maxInstanceRequestConcurrency":80,"availableCpu":"1"},"state":"ACTIVE","labels":{"deployment-tool":"cloud-console","firebase-functions-hash":"40219ff38912486d4c252cc78f59a2bc45f3017c"},"environment":"GEN_2","url":"https://us-central1-ai-study-assistance-7619c.cloudfunctions.net/askGemini","satisfiesPzi":true},"stages":[{"name":"BUILD","message":"Build in progress","state":"IN_PROGRESS","resource":"projects/504269455991/locations/us-central1/builds/c054e0a2-2718-4157-a223-e3a10e0a9449","resourceUri":"https://console.cloud.google.com/cloud-build/builds;region=us-central1/c054e0a2-2718-4157-a223-e3a10e0a9449?project=504269455991"},{"name":"SERVICE","state":"NOT_STARTED"}],"operationType":"UPDATE_FUNCTION","buildName":"projects/504269455991/locations/us-central1/builds/c054e0a2-2718-4157-a223-e3a10e0a9449"},"done":false}
[debug] [2026-03-30T13:01:14.592Z] [update-default-us-central1-askGemini] Retrying task index 0
[debug] [2026-03-30T13:01:14.592Z] Checked if tokens are valid: true, expires at: 1774878673211
[debug] [2026-03-30T13:01:14.592Z] Checked if tokens are valid: true, expires at: 1774878673211
[debug] [2026-03-30T13:01:14.592Z] >>> [apiv2][query] GET https://cloudfunctions.googleapis.com/v2/projects/ai-study-assistance-7619c/locations/us-central1/operations/operation-1774875652009-64e3d70c22dbc-8d286e87-f4d68761 [none]
[debug] [2026-03-30T13:01:16.049Z] <<< [apiv2][status] GET https://cloudfunctions.googleapis.com/v2/projects/ai-study-assistance-7619c/locations/us-central1/operations/operation-1774875652009-64e3d70c22dbc-8d286e87-f4d68761 200
[debug] [2026-03-30T13:01:16.049Z] <<< [apiv2][body] GET https://cloudfunctions.googleapis.com/v2/projects/ai-study-assistance-7619c/locations/us-central1/operations/operation-1774875652009-64e3d70c22dbc-8d286e87-f4d68761 {"name":"projects/ai-study-assistance-7619c/locations/us-central1/operations/operation-1774875652009-64e3d70c22dbc-8d286e87-f4d68761","metadata":{"@type":"type.googleapis.com/google.cloud.functions.v2.OperationMetadata","createTime":"2026-03-30T13:00:53.027340883Z","target":"projects/ai-study-assistance-7619c/locations/us-central1/functions/askGemini","verb":"update","cancelRequested":false,"apiVersion":"v2","requestResource":{"@type":"type.googleapis.com/google.cloud.functions.v2.Function","name":"projects/ai-study-assistance-7619c/locations/us-central1/functions/askGemini","buildConfig":{"runtime":"nodejs24","entryPoint":"askGemini","source":{"storageSource":{"bucket":"gcf-v2-sources-504269455991-us-central1","object":"askGemini/function-source.zip","generation":"1774875652971561"}},"environmentVariables":{"GOOGLE_NODE_RUN_SCRIPTS":""},"dockerRepository":"projects/ai-study-assistance-7619c/locations/us-central1/repositories/gcf-artifacts","sourceProvenance":{"resolvedStorageSource":{"bucket":"gcf-v2-sources-504269455991-us-central1","object":"askGemini/function-source.zip","generation":"1774873302455268"}},"dockerRegistry":"ARTIFACT_REGISTRY","serviceAccount":"projects/ai-study-assistance-7619c/serviceAccounts/504269455991-compute@developer.gserviceaccount.com","automaticUpdatePolicy":{}},"serviceConfig":{"service":"projects/ai-study-assistance-7619c/locations/us-central1/services/askgemini","timeoutSeconds":60,"environmentVariables":{"GEMINI_API_KEY":"AIzaSyCM9PX0VTB0kMNf7ZvXtr0WQjBzFjQgN34","FIREBASE_CONFIG":"{\"projectId\":\"ai-study-assistance-7619c\",\"databaseURL\":\"https://ai-study-assistance-7619c-default-rtdb.firebaseio.com\",\"storageBucket\":\"ai-study-assistance-7619c.firebasestorage.app\"}","GCLOUD_PROJECT":"ai-study-assistance-7619c","EVENTARC_CLOUD_EVENT_SOURCE":"projects/ai-study-assistance-7619c/locations/us-central1/services/askGemini","FUNCTION_TARGET":"askGemini","LOG_EXECUTION_ID":"true"},"ingressSettings":"ALLOW_ALL","uri":"https://askgemini-drfdtn7rjq-uc.a.run.app","serviceAccountEmail":"504269455991-compute@developer.gserviceaccount.com","availableMemory":"256Mi","allTrafficOnLatestRevision":true,"revision":"askgemini-00001-wuw","maxInstanceRequestConcurrency":80,"availableCpu":"1"},"state":"ACTIVE","labels":{"deployment-tool":"cloud-console","firebase-functions-hash":"40219ff38912486d4c252cc78f59a2bc45f3017c"},"environment":"GEN_2","url":"https://us-central1-ai-study-assistance-7619c.cloudfunctions.net/askGemini","satisfiesPzi":true},"stages":[{"name":"BUILD","message":"Build in progress","state":"IN_PROGRESS","resource":"projects/504269455991/locations/us-central1/builds/c054e0a2-2718-4157-a223-e3a10e0a9449","resourceUri":"https://console.cloud.google.com/cloud-build/builds;region=us-central1/c054e0a2-2718-4157-a223-e3a10e0a9449?project=504269455991"},{"name":"SERVICE","state":"NOT_STARTED"}],"operationType":"UPDATE_FUNCTION","buildName":"projects/504269455991/locations/us-central1/builds/c054e0a2-2718-4157-a223-e3a10e0a9449"},"done":false}
[debug] [2026-03-30T13:01:26.050Z] [update-default-us-central1-askGemini] Retrying task index 0
[debug] [2026-03-30T13:01:26.050Z] Checked if tokens are valid: true, expires at: 1774878673211
[debug] [2026-03-30T13:01:26.050Z] Checked if tokens are valid: true, expires at: 1774878673211
[debug] [2026-03-30T13:01:26.050Z] >>> [apiv2][query] GET https://cloudfunctions.googleapis.com/v2/projects/ai-study-assistance-7619c/locations/us-central1/operations/operation-1774875652009-64e3d70c22dbc-8d286e87-f4d68761 [none]
[debug] [2026-03-30T13:01:27.541Z] <<< [apiv2][status] GET https://cloudfunctions.googleapis.com/v2/projects/ai-study-assistance-7619c/locations/us-central1/operations/operation-1774875652009-64e3d70c22dbc-8d286e87-f4d68761 200
[debug] [2026-03-30T13:01:27.541Z] <<< [apiv2][body] GET https://cloudfunctions.googleapis.com/v2/projects/ai-study-assistance-7619c/locations/us-central1/operations/operation-1774875652009-64e3d70c22dbc-8d286e87-f4d68761 {"name":"projects/ai-study-assistance-7619c/locations/us-central1/operations/operation-1774875652009-64e3d70c22dbc-8d286e87-f4d68761","metadata":{"@type":"type.googleapis.com/google.cloud.functions.v2.OperationMetadata","createTime":"2026-03-30T13:00:53.027340883Z","target":"projects/ai-study-assistance-7619c/locations/us-central1/functions/askGemini","verb":"update","cancelRequested":false,"apiVersion":"v2","requestResource":{"@type":"type.googleapis.com/google.cloud.functions.v2.Function","name":"projects/ai-study-assistance-7619c/locations/us-central1/functions/askGemini","buildConfig":{"runtime":"nodejs24","entryPoint":"askGemini","source":{"storageSource":{"bucket":"gcf-v2-sources-504269455991-us-central1","object":"askGemini/function-source.zip","generation":"1774875652971561"}},"environmentVariables":{"GOOGLE_NODE_RUN_SCRIPTS":""},"dockerRepository":"projects/ai-study-assistance-7619c/locations/us-central1/repositories/gcf-artifacts","sourceProvenance":{"resolvedStorageSource":{"bucket":"gcf-v2-sources-504269455991-us-central1","object":"askGemini/function-source.zip","generation":"1774873302455268"}},"dockerRegistry":"ARTIFACT_REGISTRY","serviceAccount":"projects/ai-study-assistance-7619c/serviceAccounts/504269455991-compute@developer.gserviceaccount.com","automaticUpdatePolicy":{}},"serviceConfig":{"service":"projects/ai-study-assistance-7619c/locations/us-central1/services/askgemini","timeoutSeconds":60,"environmentVariables":{"GEMINI_API_KEY":"AIzaSyCM9PX0VTB0kMNf7ZvXtr0WQjBzFjQgN34","FIREBASE_CONFIG":"{\"projectId\":\"ai-study-assistance-7619c\",\"databaseURL\":\"https://ai-study-assistance-7619c-default-rtdb.firebaseio.com\",\"storageBucket\":\"ai-study-assistance-7619c.firebasestorage.app\"}","GCLOUD_PROJECT":"ai-study-assistance-7619c","EVENTARC_CLOUD_EVENT_SOURCE":"projects/ai-study-assistance-7619c/locations/us-central1/services/askGemini","FUNCTION_TARGET":"askGemini","LOG_EXECUTION_ID":"true"},"ingressSettings":"ALLOW_ALL","uri":"https://askgemini-drfdtn7rjq-uc.a.run.app","serviceAccountEmail":"504269455991-compute@developer.gserviceaccount.com","availableMemory":"256Mi","allTrafficOnLatestRevision":true,"revision":"askgemini-00001-wuw","maxInstanceRequestConcurrency":80,"availableCpu":"1"},"state":"ACTIVE","labels":{"deployment-tool":"cloud-console","firebase-functions-hash":"40219ff38912486d4c252cc78f59a2bc45f3017c"},"environment":"GEN_2","url":"https://us-central1-ai-study-assistance-7619c.cloudfunctions.net/askGemini","satisfiesPzi":true},"stages":[{"name":"BUILD","message":"Build in progress","state":"IN_PROGRESS","resource":"projects/504269455991/locations/us-central1/builds/c054e0a2-2718-4157-a223-e3a10e0a9449","resourceUri":"https://console.cloud.google.com/cloud-build/builds;region=us-central1/c054e0a2-2718-4157-a223-e3a10e0a9449?project=504269455991"},{"name":"SERVICE","state":"NOT_STARTED"}],"operationType":"UPDATE_FUNCTION","buildName":"projects/504269455991/locations/us-central1/builds/c054e0a2-2718-4157-a223-e3a10e0a9449"},"done":false}
[debug] [2026-03-30T13:01:37.543Z] [update-default-us-central1-askGemini] Retrying task index 0
[debug] [2026-03-30T13:01:37.543Z] Checked if tokens are valid: true, expires at: 1774878673211
[debug] [2026-03-30T13:01:37.543Z] Checked if tokens are valid: true, expires at: 1774878673211
[debug] [2026-03-30T13:01:37.543Z] >>> [apiv2][query] GET https://cloudfunctions.googleapis.com/v2/projects/ai-study-assistance-7619c/locations/us-central1/operations/operation-1774875652009-64e3d70c22dbc-8d286e87-f4d68761 [none]
[debug] [2026-03-30T13:01:39.086Z] <<< [apiv2][status] GET https://cloudfunctions.googleapis.com/v2/projects/ai-study-assistance-7619c/locations/us-central1/operations/operation-1774875652009-64e3d70c22dbc-8d286e87-f4d68761 200
[debug] [2026-03-30T13:01:39.086Z] <<< [apiv2][body] GET https://cloudfunctions.googleapis.com/v2/projects/ai-study-assistance-7619c/locations/us-central1/operations/operation-1774875652009-64e3d70c22dbc-8d286e87-f4d68761 {"name":"projects/ai-study-assistance-7619c/locations/us-central1/operations/operation-1774875652009-64e3d70c22dbc-8d286e87-f4d68761","metadata":{"@type":"type.googleapis.com/google.cloud.functions.v2.OperationMetadata","createTime":"2026-03-30T13:00:53.027340883Z","endTime":"2026-03-30T13:01:40.716565952Z","target":"projects/ai-study-assistance-7619c/locations/us-central1/functions/askGemini","verb":"update","cancelRequested":false,"apiVersion":"v2","requestResource":{"@type":"type.googleapis.com/google.cloud.functions.v2.Function","name":"projects/ai-study-assistance-7619c/locations/us-central1/functions/askGemini","buildConfig":{"runtime":"nodejs24","entryPoint":"askGemini","source":{"storageSource":{"bucket":"gcf-v2-sources-504269455991-us-central1","object":"askGemini/function-source.zip","generation":"1774875652971561"}},"environmentVariables":{"GOOGLE_NODE_RUN_SCRIPTS":""},"dockerRepository":"projects/ai-study-assistance-7619c/locations/us-central1/repositories/gcf-artifacts","sourceProvenance":{"resolvedStorageSource":{"bucket":"gcf-v2-sources-504269455991-us-central1","object":"askGemini/function-source.zip","generation":"1774873302455268"}},"dockerRegistry":"ARTIFACT_REGISTRY","serviceAccount":"projects/ai-study-assistance-7619c/serviceAccounts/504269455991-compute@developer.gserviceaccount.com","automaticUpdatePolicy":{}},"serviceConfig":{"service":"projects/ai-study-assistance-7619c/locations/us-central1/services/askgemini","timeoutSeconds":60,"environmentVariables":{"GEMINI_API_KEY":"AIzaSyCM9PX0VTB0kMNf7ZvXtr0WQjBzFjQgN34","FIREBASE_CONFIG":"{\"projectId\":\"ai-study-assistance-7619c\",\"databaseURL\":\"https://ai-study-assistance-7619c-default-rtdb.firebaseio.com\",\"storageBucket\":\"ai-study-assistance-7619c.firebasestorage.app\"}","GCLOUD_PROJECT":"ai-study-assistance-7619c","EVENTARC_CLOUD_EVENT_SOURCE":"projects/ai-study-assistance-7619c/locations/us-central1/services/askGemini","FUNCTION_TARGET":"askGemini","LOG_EXECUTION_ID":"true"},"ingressSettings":"ALLOW_ALL","uri":"https://askgemini-drfdtn7rjq-uc.a.run.app","serviceAccountEmail":"504269455991-compute@developer.gserviceaccount.com","availableMemory":"256Mi","allTrafficOnLatestRevision":true,"revision":"askgemini-00001-wuw","maxInstanceRequestConcurrency":80,"availableCpu":"1"},"state":"ACTIVE","labels":{"deployment-tool":"cloud-console","firebase-functions-hash":"40219ff38912486d4c252cc78f59a2bc45f3017c"},"environment":"GEN_2","url":"https://us-central1-ai-study-assistance-7619c.cloudfunctions.net/askGemini","satisfiesPzi":true},"stages":[{"name":"SERVICE","state":"NOT_STARTED"}],"operationType":"UPDATE_FUNCTION"},"done":true,"error":{"code":3,"message":"Build failed with status: FAILURE and message: npm error code EUSAGE\nnpm error\nnpm error `npm ci` can only install packages when your package.json and package-lock.json or npm-shrinkwrap.json are in sync. Please update your lock file with `npm install` before continuing.\nnpm error\nnpm error Missing: @pkgjs/parseargs@0.11.0 from lock file\nnpm error Missing: fsevents@2.3.3 from lock file\nnpm error Missing: @unrs/resolver-binding-android-arm-eabi@1.11.1 from lock file\nnpm error Missing: @unrs/resolver-binding-android-arm64@1.11.1 from lock file\nnpm error Missing: @unrs/resolver-binding-darwin-arm64@1.11.1 from lock file\nnpm error Missing: @unrs/resolver-binding-darwin-x64@1.11.1 from lock file\nnpm error Missing: @unrs/resolver-binding-freebsd-x64@1.11.1 from lock file\nnpm error Missing: @unrs/resolver-binding-linux-arm-gnueabihf@1.11.1 from lock file\nnpm error Missing: @unrs/resolver-binding-linux-arm-musleabihf@1.11.1 from lock file\nnpm error Missing: @unrs/resolver-binding-linux-arm64-gnu@1.11.1 from lock file\nnpm error Missing: @unrs/resolver-binding-linux-arm64-musl@1.11.1 from lock file\nnpm error Missing: @unrs/resolver-binding-linux-ppc64-gnu@1.11.1 from lock file\nnpm error Missing: @unrs/resolver-binding-linux-riscv64-gnu@1.11.1 from lock file\nnpm error Missing: @unrs/resolver-binding-linux-riscv64-musl@1.11.1 from lock file\nnpm error Missing: @unrs/resolver-binding-linux-s390x-gnu@1.11.1 from lock file\nnpm error Missing: @unrs/resolver-binding-linux-x64-gnu@1.11.1 from lock file\nnpm error Missing: @unrs/resolver-binding-linux-x64-musl@1.11.1 from lock file\nnpm error Missing: @unrs/resolver-binding-wasm32-wasi@1.11.1 from lock file\nnpm error Missing: @unrs/resolver-binding-win32-arm64-msvc@1.11.1 from lock file\nnpm error Missing: @unrs/resolver-binding-win32-ia32-msvc@1.11.1 from lock file\nnpm error Missing: @unrs/resolver-binding-win32-x64-msvc@1.11.1 from lock file\nnpm error Missing: @napi-rs/wasm-runtime@0.2.12 from lock file\nnpm error Missing: @emnapi/core@1.9.1 from lock file\nnpm error Missing: @emnapi/runtime@1.9.1 from lock file\nnpm error Missing: @tybys/wasm-util@0.10.1 from lock file\nnpm error Missing: @emnapi/wasi-threads@1.2.0 from lock file\nnpm error\nnpm error Clean install a project\nnpm error\nnpm error Usage:\nnpm error npm ci\nnpm error\nnpm error Options:\nnpm error [--install-strategy <hoisted|nested|shallow|linked>] [--legacy-bundling]\nnpm error [--global-style] [--omit <dev|optional|peer> [--omit <dev|optional|peer> ...]]\nnpm error [--include <prod|dev|optional|peer> [--include <prod|dev|optional|peer> ...]]\nnpm error [--strict-peer-deps] [--foreground-scripts] [--ignore-scripts] [--no-audit]\nnpm error [--no-bin-links] [--no-fund] [--dry-run]\nnpm error [-w|--workspace <workspace-name> [-w|--workspace <workspace-name> ...]]\nnpm error [--workspaces] [--include-workspace-root] [--install-links]\nnpm error\nnpm error aliases: clean-install, ic, install-clean, isntall-clean\nnpm error\nnpm error Run \"npm help ci\" for more info\nnpm error A complete log of this run can be found in: /www-data-home/.npm/_logs/2026-03-30T13_01_12_022Z-debug-0.log. For more details see the logs at https://console.cloud.google.com/cloud-build/builds;region=us-central1/c054e0a2-2718-4157-a223-e3a10e0a9449?project=504269455991."}}
[debug] [2026-03-30T13:01:39.086Z] Got source token undefined for region us-central1
[error] Build failed with status: FAILURE and message: npm error code EUSAGE
npm error
npm error `npm ci` can only install packages when your package.json and package-lock.json or npm-shrinkwrap.json are in sync. Please update your lock file with `npm install` before continuing.
npm error
npm error Missing: @pkgjs/parseargs@0.11.0 from lock file
npm error Missing: fsevents@2.3.3 from lock file
npm error Missing: @unrs/resolver-binding-android-arm-eabi@1.11.1 from lock file
npm error Missing: @unrs/resolver-binding-android-arm64@1.11.1 from lock file
npm error Missing: @unrs/resolver-binding-darwin-arm64@1.11.1 from lock file
npm error Missing: @unrs/resolver-binding-darwin-x64@1.11.1 from lock file
npm error Missing: @unrs/resolver-binding-freebsd-x64@1.11.1 from lock file
npm error Missing: @unrs/resolver-binding-linux-arm-gnueabihf@1.11.1 from lock file
npm error Missing: @unrs/resolver-binding-linux-arm-musleabihf@1.11.1 from lock file
npm error Missing: @unrs/resolver-binding-linux-arm64-gnu@1.11.1 from lock file
npm error Missing: @unrs/resolver-binding-linux-arm64-musl@1.11.1 from lock file
npm error Missing: @unrs/resolver-binding-linux-ppc64-gnu@1.11.1 from lock file
npm error Missing: @unrs/resolver-binding-linux-riscv64-gnu@1.11.1 from lock file
npm error Missing: @unrs/resolver-binding-linux-riscv64-musl@1.11.1 from lock file
npm error Missing: @unrs/resolver-binding-linux-s390x-gnu@1.11.1 from lock file
npm error Missing: @unrs/resolver-binding-linux-x64-gnu@1.11.1 from lock file
npm error Missing: @unrs/resolver-binding-linux-x64-musl@1.11.1 from lock file
npm error Missing: @unrs/resolver-binding-wasm32-wasi@1.11.1 from lock file
npm error Missing: @unrs/resolver-binding-win32-arm64-msvc@1.11.1 from lock file
npm error Missing: @unrs/resolver-binding-win32-ia32-msvc@1.11.1 from lock file
npm error Missing: @unrs/resolver-binding-win32-x64-msvc@1.11.1 from lock file
npm error Missing: @napi-rs/wasm-runtime@0.2.12 from lock file
npm error Missing: @emnapi/core@1.9.1 from lock file
npm error Missing: @emnapi/runtime@1.9.1 from lock file
npm error Missing: @tybys/wasm-util@0.10.1 from lock file
npm error Missing: @emnapi/wasi-threads@1.2.0 from lock file
npm error
npm error Clean install a project
npm error
npm error Usage:
npm error npm ci
npm error
npm error Options:
npm error [--install-strategy <hoisted|nested|shallow|linked>] [--legacy-bundling]
npm error [--global-style] [--omit <dev|optional|peer> [--omit <dev|optional|peer> ...]]
npm error [--include <prod|dev|optional|peer> [--include <prod|dev|optional|peer> ...]]
npm error [--strict-peer-deps] [--foreground-scripts] [--ignore-scripts] [--no-audit]
npm error [--no-bin-links] [--no-fund] [--dry-run]
npm error [-w|--workspace <workspace-name> [-w|--workspace <workspace-name> ...]]
npm error [--workspaces] [--include-workspace-root] [--install-links]
npm error
npm error aliases: clean-install, ic, install-clean, isntall-clean
npm error
npm error Run "npm help ci" for more info
npm error A complete log of this run can be found in: /www-data-home/.npm/_logs/2026-03-30T13_01_12_022Z-debug-0.log. For more details see the logs at https://console.cloud.google.com/cloud-build/builds;region=us-central1/c054e0a2-2718-4157-a223-e3a10e0a9449?project=504269455991.
[debug] [2026-03-30T13:01:39.091Z] Total Function Deployment time: 50312
[debug] [2026-03-30T13:01:39.091Z] 1 Functions Deployed
[debug] [2026-03-30T13:01:39.091Z] 1 Functions Errored
[debug] [2026-03-30T13:01:39.091Z] 0 Function Deployments Aborted
[debug] [2026-03-30T13:01:39.091Z] Average Function Deployment time: 50311
[info] 
[info] Functions deploy had errors with the following functions:
	askGemini(us-central1)
[debug] [2026-03-30T13:01:39.374Z] Not printing URL for HTTPS function. Typically this means it didn't match a filter or we failed deployment
[debug] [2026-03-30T13:01:39.374Z] Checked if tokens are valid: true, expires at: 1774878673211
[debug] [2026-03-30T13:01:39.374Z] Checked if tokens are valid: true, expires at: 1774878673211
[debug] [2026-03-30T13:01:39.374Z] >>> [apiv2][query] GET https://artifactregistry.googleapis.com/v1/projects/ai-study-assistance-7619c/locations/us-central1/repositories/gcf-artifacts [none]
[debug] [2026-03-30T13:01:41.028Z] <<< [apiv2][status] GET https://artifactregistry.googleapis.com/v1/projects/ai-study-assistance-7619c/locations/us-central1/repositories/gcf-artifacts 200
[debug] [2026-03-30T13:01:41.028Z] <<< [apiv2][body] GET https://artifactregistry.googleapis.com/v1/projects/ai-study-assistance-7619c/locations/us-central1/repositories/gcf-artifacts {"name":"projects/ai-study-assistance-7619c/locations/us-central1/repositories/gcf-artifacts","format":"DOCKER","description":"This repository is created and used by Cloud Functions for storing function docker images.","labels":{"goog-managed-by":"cloudfunctions"},"createTime":"2026-03-30T12:07:32.223748Z","updateTime":"2026-03-30T12:22:19.810235Z","mode":"STANDARD_REPOSITORY","cleanupPolicies":{"firebase-functions-cleanup":{"id":"firebase-functions-cleanup","action":"DELETE","condition":{"tagState":"ANY","olderThan":"604800s"}}},"sizeBytes":"103582898","vulnerabilityScanningConfig":{"lastEnableTime":"2026-03-30T12:07:16.555282423Z","enablementState":"SCANNING_DISABLED","enablementStateReason":"API containerscanning.googleapis.com is not enabled."},"satisfiesPzi":true,"registryUri":"us-central1-docker.pkg.dev/ai-study-assistance-7619c/gcf-artifacts"}
[debug] [2026-03-30T13:01:41.028Z] Functions deploy failed.
[debug] [2026-03-30T13:01:41.028Z] {
  "endpoint": {
    "id": "askGemini",
    "project": "ai-study-assistance-7619c",
    "region": "us-central1",
    "entryPoint": "askGemini",
    "platform": "gcfv2",
    "runtime": "nodejs24",
    "httpsTrigger": {},
    "labels": {
      "deployment-tool": "cli-firebase"
    },
    "serviceAccount": null,
    "ingressSettings": null,
    "availableMemoryMb": null,
    "timeoutSeconds": null,
    "maxInstances": null,
    "minInstances": null,
    "concurrency": 80,
    "vpc": null,
    "environmentVariables": {
      "GEMINI_API_KEY": "AIzaSyCM9PX0VTB0kMNf7ZvXtr0WQjBzFjQgN34",
      "FIREBASE_CONFIG": "{\"projectId\":\"ai-study-assistance-7619c\",\"databaseURL\":\"https://ai-study-assistance-7619c-default-rtdb.firebaseio.com\",\"storageBucket\":\"ai-study-assistance-7619c.firebasestorage.app\"}",
      "GCLOUD_PROJECT": "ai-study-assistance-7619c",
      "EVENTARC_CLOUD_EVENT_SOURCE": "projects/ai-study-assistance-7619c/locations/us-central1/services/askGemini"
    },
    "codebase": "default",
    "runServiceId": "askgemini",
    "cpu": 1,
    "securityLevel": "SECURE_ALWAYS",
    "targetedByOnly": false,
    "hash": "40219ff38912486d4c252cc78f59a2bc45f3017c"
  },
  "op": "update",
  "original": {
    "name": "FirebaseError",
    "children": [],
    "exit": 1,
    "message": "Build failed with status: FAILURE and message: npm error code EUSAGE\nnpm error\nnpm error `npm ci` can only install packages when your package.json and package-lock.json or npm-shrinkwrap.json are in sync. Please update your lock file with `npm install` before continuing.\nnpm error\nnpm error Missing: @pkgjs/parseargs@0.11.0 from lock file\nnpm error Missing: fsevents@2.3.3 from lock file\nnpm error Missing: @unrs/resolver-binding-android-arm-eabi@1.11.1 from lock file\nnpm error Missing: @unrs/resolver-binding-android-arm64@1.11.1 from lock file\nnpm error Missing: @unrs/resolver-binding-darwin-arm64@1.11.1 from lock file\nnpm error Missing: @unrs/resolver-binding-darwin-x64@1.11.1 from lock file\nnpm error Missing: @unrs/resolver-binding-freebsd-x64@1.11.1 from lock file\nnpm error Missing: @unrs/resolver-binding-linux-arm-gnueabihf@1.11.1 from lock file\nnpm error Missing: @unrs/resolver-binding-linux-arm-musleabihf@1.11.1 from lock file\nnpm error Missing: @unrs/resolver-binding-linux-arm64-gnu@1.11.1 from lock file\nnpm error Missing: @unrs/resolver-binding-linux-arm64-musl@1.11.1 from lock file\nnpm error Missing: @unrs/resolver-binding-linux-ppc64-gnu@1.11.1 from lock file\nnpm error Missing: @unrs/resolver-binding-linux-riscv64-gnu@1.11.1 from lock file\nnpm error Missing: @unrs/resolver-binding-linux-riscv64-musl@1.11.1 from lock file\nnpm error Missing: @unrs/resolver-binding-linux-s390x-gnu@1.11.1 from lock file\nnpm error Missing: @unrs/resolver-binding-linux-x64-gnu@1.11.1 from lock file\nnpm error Missing: @unrs/resolver-binding-linux-x64-musl@1.11.1 from lock file\nnpm error Missing: @unrs/resolver-binding-wasm32-wasi@1.11.1 from lock file\nnpm error Missing: @unrs/resolver-binding-win32-arm64-msvc@1.11.1 from lock file\nnpm error Missing: @unrs/resolver-binding-win32-ia32-msvc@1.11.1 from lock file\nnpm error Missing: @unrs/resolver-binding-win32-x64-msvc@1.11.1 from lock file\nnpm error Missing: @napi-rs/wasm-runtime@0.2.12 from lock file\nnpm error Missing: @emnapi/core@1.9.1 from lock file\nnpm error Missing: @emnapi/runtime@1.9.1 from lock file\nnpm error Missing: @tybys/wasm-util@0.10.1 from lock file\nnpm error Missing: @emnapi/wasi-threads@1.2.0 from lock file\nnpm error\nnpm error Clean install a project\nnpm error\nnpm error Usage:\nnpm error npm ci\nnpm error\nnpm error Options:\nnpm error [--install-strategy <hoisted|nested|shallow|linked>] [--legacy-bundling]\nnpm error [--global-style] [--omit <dev|optional|peer> [--omit <dev|optional|peer> ...]]\nnpm error [--include <prod|dev|optional|peer> [--include <prod|dev|optional|peer> ...]]\nnpm error [--strict-peer-deps] [--foreground-scripts] [--ignore-scripts] [--no-audit]\nnpm error [--no-bin-links] [--no-fund] [--dry-run]\nnpm error [-w|--workspace <workspace-name> [-w|--workspace <workspace-name> ...]]\nnpm error [--workspaces] [--include-workspace-root] [--install-links]\nnpm error\nnpm error aliases: clean-install, ic, install-clean, isntall-clean\nnpm error\nnpm error Run \"npm help ci\" for more info\nnpm error A complete log of this run can be found in: /www-data-home/.npm/_logs/2026-03-30T13_01_12_022Z-debug-0.log. For more details see the logs at https://console.cloud.google.com/cloud-build/builds;region=us-central1/c054e0a2-2718-4157-a223-e3a10e0a9449?project=504269455991.",
    "original": {
      "code": 3,
      "message": "Build failed with status: FAILURE and message: npm error code EUSAGE\nnpm error\nnpm error `npm ci` can only install packages when your package.json and package-lock.json or npm-shrinkwrap.json are in sync. Please update your lock file with `npm install` before continuing.\nnpm error\nnpm error Missing: @pkgjs/parseargs@0.11.0 from lock file\nnpm error Missing: fsevents@2.3.3 from lock file\nnpm error Missing: @unrs/resolver-binding-android-arm-eabi@1.11.1 from lock file\nnpm error Missing: @unrs/resolver-binding-android-arm64@1.11.1 from lock file\nnpm error Missing: @unrs/resolver-binding-darwin-arm64@1.11.1 from lock file\nnpm error Missing: @unrs/resolver-binding-darwin-x64@1.11.1 from lock file\nnpm error Missing: @unrs/resolver-binding-freebsd-x64@1.11.1 from lock file\nnpm error Missing: @unrs/resolver-binding-linux-arm-gnueabihf@1.11.1 from lock file\nnpm error Missing: @unrs/resolver-binding-linux-arm-musleabihf@1.11.1 from lock file\nnpm error Missing: @unrs/resolver-binding-linux-arm64-gnu@1.11.1 from lock file\nnpm error Missing: @unrs/resolver-binding-linux-arm64-musl@1.11.1 from lock file\nnpm error Missing: @unrs/resolver-binding-linux-ppc64-gnu@1.11.1 from lock file\nnpm error Missing: @unrs/resolver-binding-linux-riscv64-gnu@1.11.1 from lock file\nnpm error Missing: @unrs/resolver-binding-linux-riscv64-musl@1.11.1 from lock file\nnpm error Missing: @unrs/resolver-binding-linux-s390x-gnu@1.11.1 from lock file\nnpm error Missing: @unrs/resolver-binding-linux-x64-gnu@1.11.1 from lock file\nnpm error Missing: @unrs/resolver-binding-linux-x64-musl@1.11.1 from lock file\nnpm error Missing: @unrs/resolver-binding-wasm32-wasi@1.11.1 from lock file\nnpm error Missing: @unrs/resolver-binding-win32-arm64-msvc@1.11.1 from lock file\nnpm error Missing: @unrs/resolver-binding-win32-ia32-msvc@1.11.1 from lock file\nnpm error Missing: @unrs/resolver-binding-win32-x64-msvc@1.11.1 from lock file\nnpm error Missing: @napi-rs/wasm-runtime@0.2.12 from lock file\nnpm error Missing: @emnapi/core@1.9.1 from lock file\nnpm error Missing: @emnapi/runtime@1.9.1 from lock file\nnpm error Missing: @tybys/wasm-util@0.10.1 from lock file\nnpm error Missing: @emnapi/wasi-threads@1.2.0 from lock file\nnpm error\nnpm error Clean install a project\nnpm error\nnpm error Usage:\nnpm error npm ci\nnpm error\nnpm error Options:\nnpm error [--install-strategy <hoisted|nested|shallow|linked>] [--legacy-bundling]\nnpm error [--global-style] [--omit <dev|optional|peer> [--omit <dev|optional|peer> ...]]\nnpm error [--include <prod|dev|optional|peer> [--include <prod|dev|optional|peer> ...]]\nnpm error [--strict-peer-deps] [--foreground-scripts] [--ignore-scripts] [--no-audit]\nnpm error [--no-bin-links] [--no-fund] [--dry-run]\nnpm error [-w|--workspace <workspace-name> [-w|--workspace <workspace-name> ...]]\nnpm error [--workspaces] [--include-workspace-root] [--install-links]\nnpm error\nnpm error aliases: clean-install, ic, install-clean, isntall-clean\nnpm error\nnpm error Run \"npm help ci\" for more info\nnpm error A complete log of this run can be found in: /www-data-home/.npm/_logs/2026-03-30T13_01_12_022Z-debug-0.log. For more details see the logs at https://console.cloud.google.com/cloud-build/builds;region=us-central1/c054e0a2-2718-4157-a223-e3a10e0a9449?project=504269455991."
    },
    "status": 3,
    "code": 3
  }
}
[debug] [2026-03-30T13:01:41.375Z] Error: Failed to update function askGemini in region us-central1
    at C:\Users\kumar\AppData\Roaming\npm\node_modules\firebase-tools\lib\deploy\functions\release\fabricator.js:441:19
    at process.processTicksAndRejections (node:internal/process/task_queues:105:5)
    at async Fabricator.updateV2Function (C:\Users\kumar\AppData\Roaming\npm\node_modules\firebase-tools\lib\deploy\functions\release\fabricator.js:425:32)
    at async Fabricator.updateEndpoint (C:\Users\kumar\AppData\Roaming\npm\node_modules\firebase-tools\lib\deploy\functions\release\fabricator.js:161:13)
    at async handle (C:\Users\kumar\AppData\Roaming\npm\node_modules\firebase-tools\lib\deploy\functions\release\fabricator.js:92:17)
[error] 
[error] Error: There was an error deploying functions
